[    0.000000] Linux version 6.11.0-9-generic (buildd@lcy02-amd64-093) (x86_64-linux-gnu-gcc-14 (Ubuntu 14.2.0-4ubuntu2) 14.2.0, GNU ld (GNU Binutils for Ubuntu) 2.43.1) #9-Ubuntu SMP PREEMPT_DYNAMIC Mon Oct 14 13:19:59 UTC 2024 (Ubuntu 6.11.0-9.9-generic 6.11.0)
[    0.000000] Command line: BOOT_IMAGE=/boot/vmlinuz-6.11.0-9-generic root=UUID=5c77e7af-1bf7-4ee3-af36-ee3cd2fdeb8a ro loglevel=7 iomem=relaxed crashkernel=2G-4G:320M,4G-32G:512M,32G-64G:1024M,64G-128G:2048M,128G-:4096M
[    0.000000] KERNEL supported cpus:
[    0.000000]   Intel GenuineIntel
[    0.000000]   AMD AuthenticAMD
[    0.000000]   Hygon HygonGenuine
[    0.000000]   Centaur CentaurHauls
[    0.000000]   zhaoxin   Shanghai  
[    0.000000] BIOS-provided physical RAM map:
[    0.000000] BIOS-e820: [mem 0x0000000000000000-0x0000000000057fff] usable
[    0.000000] BIOS-e820: [mem 0x0000000000058000-0x0000000000058fff] reserved
[    0.000000] BIOS-e820: [mem 0x0000000000059000-0x000000000009efff] usable
[    0.000000] BIOS-e820: [mem 0x000000000009f000-0x000000000009ffff] reserved
[    0.000000] BIOS-e820: [mem 0x0000000000100000-0x00000000b67ebfff] usable
[    0.000000] BIOS-e820: [mem 0x00000000b67ec000-0x00000000b6876fff] ACPI data
[    0.000000] BIOS-e820: [mem 0x00000000b6877000-0x00000000b7e23fff] usable
[    0.000000] BIOS-e820: [mem 0x00000000b7e24000-0x00000000b7e24fff] ACPI NVS
[    0.000000] BIOS-e820: [mem 0x00000000b7e25000-0x00000000b7e4efff] reserved
[    0.000000] BIOS-e820: [mem 0x00000000b7e4f000-0x00000000bb548fff] usable
[    0.000000] BIOS-e820: [mem 0x00000000bb549000-0x00000000bc4a7fff] reserved
[    0.000000] BIOS-e820: [mem 0x00000000bc4a8000-0x00000000bc55cfff] ACPI data
[    0.000000] BIOS-e820: [mem 0x00000000bc55d000-0x00000000bce4ffff] ACPI NVS
[    0.000000] BIOS-e820: [mem 0x00000000bce50000-0x00000000bd2fdfff] reserved
[    0.000000] BIOS-e820: [mem 0x00000000bd2fe000-0x00000000bd2fefff] usable
[    0.000000] BIOS-e820: [mem 0x00000000bd300000-0x00000000bd3fffff] reserved
[    0.000000] BIOS-e820: [mem 0x00000000e0000000-0x00000000efffffff] reserved
[    0.000000] BIOS-e820: [mem 0x00000000fe000000-0x00000000fe010fff] reserved
[    0.000000] BIOS-e820: [mem 0x00000000fec00000-0x00000000fec00fff] reserved
[    0.000000] BIOS-e820: [mem 0x00000000fee00000-0x00000000fee00fff] reserved
[    0.000000] BIOS-e820: [mem 0x00000000ff000000-0x00000000ffffffff] reserved
[    0.000000] BIOS-e820: [mem 0x0000000100000000-0x000000023effffff] usable
[    0.000000] NX (Execute Disable) protection: active
[    0.000000] APIC: Static calls initialized
[    0.000000] e820: update [mem 0xb03cd018-0xb03dd057] usable ==> usable
[    0.000000] e820: update [mem 0xb03bf018-0xb03cc857] usable ==> usable
[    0.000000] extended physical RAM map:
[    0.000000] reserve setup_data: [mem 0x0000000000000000-0x0000000000057fff] usable
[    0.000000] reserve setup_data: [mem 0x0000000000058000-0x0000000000058fff] reserved
[    0.000000] reserve setup_data: [mem 0x0000000000059000-0x000000000009efff] usable
[    0.000000] reserve setup_data: [mem 0x000000000009f000-0x000000000009ffff] reserved
[    0.000000] reserve setup_data: [mem 0x0000000000100000-0x00000000b03bf017] usable
[    0.000000] reserve setup_data: [mem 0x00000000b03bf018-0x00000000b03cc857] usable
[    0.000000] reserve setup_data: [mem 0x00000000b03cc858-0x00000000b03cd017] usable
[    0.000000] reserve setup_data: [mem 0x00000000b03cd018-0x00000000b03dd057] usable
[    0.000000] reserve setup_data: [mem 0x00000000b03dd058-0x00000000b67ebfff] usable
[    0.000000] reserve setup_data: [mem 0x00000000b67ec000-0x00000000b6876fff] ACPI data
[    0.000000] reserve setup_data: [mem 0x00000000b6877000-0x00000000b7e23fff] usable
[    0.000000] reserve setup_data: [mem 0x00000000b7e24000-0x00000000b7e24fff] ACPI NVS
[    0.000000] reserve setup_data: [mem 0x00000000b7e25000-0x00000000b7e4efff] reserved
[    0.000000] reserve setup_data: [mem 0x00000000b7e4f000-0x00000000bb548fff] usable
[    0.000000] reserve setup_data: [mem 0x00000000bb549000-0x00000000bc4a7fff] reserved
[    0.000000] reserve setup_data: [mem 0x00000000bc4a8000-0x00000000bc55cfff] ACPI data
[    0.000000] reserve setup_data: [mem 0x00000000bc55d000-0x00000000bce4ffff] ACPI NVS
[    0.000000] reserve setup_data: [mem 0x00000000bce50000-0x00000000bd2fdfff] reserved
[    0.000000] reserve setup_data: [mem 0x00000000bd2fe000-0x00000000bd2fefff] usable
[    0.000000] reserve setup_data: [mem 0x00000000bd300000-0x00000000bd3fffff] reserved
[    0.000000] reserve setup_data: [mem 0x00000000e0000000-0x00000000efffffff] reserved
[    0.000000] reserve setup_data: [mem 0x00000000fe000000-0x00000000fe010fff] reserved
[    0.000000] reserve setup_data: [mem 0x00000000fec00000-0x00000000fec00fff] reserved
[    0.000000] reserve setup_data: [mem 0x00000000fee00000-0x00000000fee00fff] reserved
[    0.000000] reserve setup_data: [mem 0x00000000ff000000-0x00000000ffffffff] reserved
[    0.000000] reserve setup_data: [mem 0x0000000100000000-0x000000023effffff] usable
[    0.000000] efi: EFI v2.4 by American Megatrends
[    0.000000] efi: ESRT=0xbd1e5918 ACPI=0xb67ec000 ACPI 2.0=0xb67ec000 SMBIOS=0xbd1bd000 SMBIOS 3.0=0xbd1bc000 MOKvar=0xbd1c5000 INITRD=0xb7eba798 TPMEventLog=0xb7ead018 
[    0.000000] TPM Final Events table not present
[    0.000000] efi: Remove mem39: MMIO range=[0xe0000000-0xefffffff] (256MB) from e820 map
[    0.000000] e820: remove [mem 0xe0000000-0xefffffff] reserved
[    0.000000] efi: Not removing mem40: MMIO range=[0xfe000000-0xfe010fff] (68KB) from e820 map
[    0.000000] efi: Not removing mem41: MMIO range=[0xfec00000-0xfec00fff] (4KB) from e820 map
[    0.000000] efi: Not removing mem42: MMIO range=[0xfee00000-0xfee00fff] (4KB) from e820 map
[    0.000000] efi: Remove mem43: MMIO range=[0xff000000-0xffffffff] (16MB) from e820 map
[    0.000000] e820: remove [mem 0xff000000-0xffffffff] reserved
[    0.000000] SMBIOS 3.0.0 present.
[    0.000000] DMI: LENOVO 90DA/30C7, BIOS FYKT88A 12/24/2019
[    0.000000] DMI: Memory slots populated: 1/2
[    0.000000] secureboot: Secure boot disabled
[    0.000000] tsc: Detected 2700.000 MHz processor
[    0.000000] tsc: Detected 2699.909 MHz TSC
[    0.000859] e820: update [mem 0x00000000-0x00000fff] usable ==> reserved
[    0.000862] e820: remove [mem 0x000a0000-0x000fffff] usable
[    0.000876] last_pfn = 0x23f000 max_arch_pfn = 0x400000000
[    0.000883] MTRR map: 4 entries (3 fixed + 1 variable; max 23), built from 10 variable MTRRs
[    0.000885] x86/PAT: Configuration [0-7]: WB  WC  UC- UC  WB  WP  UC- WT  
[    0.001203] last_pfn = 0xbd2ff max_arch_pfn = 0x400000000
[    0.008552] found SMP MP-table at [mem 0x000fcc80-0x000fcc8f]
[    0.008566] esrt: Reserving ESRT space from 0x00000000bd1e5918 to 0x00000000bd1e5978.
[    0.008575] Using GB pages for direct mapping
[    0.008838] secureboot: Secure boot disabled
[    0.008839] RAMDISK: [mem 0xb03de000-0xb4442fff]
[    0.009251] ACPI: Early table checksum verification disabled
[    0.009254] ACPI: RSDP 0x00000000B67EC000 000024 (v05 LENOVO)
[    0.009259] ACPI: XSDT 0x00000000B67EC0A8 0000D4 (v01 LENOVO TC-FY    00001580 AMI  00010013)
[    0.009264] ACPI: FACP 0x00000000B6814EE8 00010C (v05 LENOVO TC-FY    00001580 AMI  00010013)
[    0.009270] ACPI: DSDT 0x00000000B67EC210 028CD3 (v02 LENOVO TC-FY    00001580 INTL 20120913)
[    0.009274] ACPI: FACS 0x00000000BCE4FF80 000040
[    0.009277] ACPI: APIC 0x00000000B6814FF8 000084 (v03 LENOVO TC-FY    00001580 AMI  00010013)
[    0.009281] ACPI: FPDT 0x00000000B6815080 000044 (v01 LENOVO TC-FY    00001580 AMI  00010013)
[    0.009284] ACPI: FIDT 0x00000000B68150C8 00009C (v01 LENOVO TC-FY    00001580 AMI  00010013)
[    0.009287] ACPI: MCFG 0x00000000B6815168 00003C (v01 LENOVO TC-FY    00001580 MSFT 00000097)
[    0.009291] ACPI: HPET 0x00000000B68151A8 000038 (v01 LENOVO TC-FY    00001580 AMI. 0005000B)
[    0.009294] ACPI: SSDT 0x00000000B68151E0 00036D (v01 LENOVO TC-FY    00001580 INTL 20120913)
[    0.009297] ACPI: LPIT 0x00000000B6815550 000094 (v01 LENOVO TC-FY    00001580 MSFT 0000005F)
[    0.009300] ACPI: SSDT 0x00000000B68155E8 000248 (v02 LENOVO TC-FY    00001580 INTL 20120913)
[    0.009303] ACPI: SSDT 0x00000000B6815830 002BAE (v02 LENOVO TC-FY    00001580 INTL 20120913)
[    0.009307] ACPI: SSDT 0x00000000B68183E0 000BF0 (v02 LENOVO TC-FY    00001580 INTL 20120913)
[    0.009310] ACPI: DBGP 0x00000000B6818FD0 000034 (v01 LENOVO TC-FY    00001580 MSFT 0000005F)
[    0.009313] ACPI: DBG2 0x00000000B6819008 000054 (v00 LENOVO TC-FY    00001580 MSFT 0000005F)
[    0.009316] ACPI: SSDT 0x00000000B6819060 0006A5 (v02 LENOVO TC-FY    00001580 INTL 20120913)
[    0.009319] ACPI: MSDM 0x00000000B6819708 000055 (v03 LENOVO TC-FY    00001580 AMI  00010013)
[    0.009323] ACPI: SSDT 0x00000000B6819760 00546C (v02 LENOVO TC-FY    00001580 INTL 20120913)
[    0.009326] ACPI: UEFI 0x00000000B681EBD0 000042 (v01 LENOVO TC-FY    00001580      00000000)
[    0.009329] ACPI: SSDT 0x00000000B681EC18 000E73 (v02 LENOVO TC-FY    00001580 INTL 20120913)
[    0.009332] ACPI: BGRT 0x00000000B681FA90 000038 (v01 LENOVO TC-FY    00001580 AMI  00010013)
[    0.009335] ACPI: TPM2 0x00000000B681FAC8 000034 (v03 LENOVO TC-FY    00001580 AMI  00000000)
[    0.009339] ACPI: LUFT 0x00000000B681FB00 0569E2 (v01 LENOVO TC-FY    00001580 AMI  00010013)
[    0.009342] ACPI: WPBT 0x00000000B68764E8 000034 (v01 LENOVO TC-FY    00000001 AMI  00010013)
[    0.009345] ACPI: Reserving FACP table memory at [mem 0xb6814ee8-0xb6814ff3]
[    0.009346] ACPI: Reserving DSDT table memory at [mem 0xb67ec210-0xb6814ee2]
[    0.009347] ACPI: Reserving FACS table memory at [mem 0xbce4ff80-0xbce4ffbf]
[    0.009348] ACPI: Reserving APIC table memory at [mem 0xb6814ff8-0xb681507b]
[    0.009349] ACPI: Reserving FPDT table memory at [mem 0xb6815080-0xb68150c3]
[    0.009350] ACPI: Reserving FIDT table memory at [mem 0xb68150c8-0xb6815163]
[    0.009351] ACPI: Reserving MCFG table memory at [mem 0xb6815168-0xb68151a3]
[    0.009352] ACPI: Reserving HPET table memory at [mem 0xb68151a8-0xb68151df]
[    0.009352] ACPI: Reserving SSDT table memory at [mem 0xb68151e0-0xb681554c]
[    0.009353] ACPI: Reserving LPIT table memory at [mem 0xb6815550-0xb68155e3]
[    0.009354] ACPI: Reserving SSDT table memory at [mem 0xb68155e8-0xb681582f]
[    0.009355] ACPI: Reserving SSDT table memory at [mem 0xb6815830-0xb68183dd]
[    0.009356] ACPI: Reserving SSDT table memory at [mem 0xb68183e0-0xb6818fcf]
[    0.009357] ACPI: Reserving DBGP table memory at [mem 0xb6818fd0-0xb6819003]
[    0.009358] ACPI: Reserving DBG2 table memory at [mem 0xb6819008-0xb681905b]
[    0.009359] ACPI: Reserving SSDT table memory at [mem 0xb6819060-0xb6819704]
[    0.009359] ACPI: Reserving MSDM table memory at [mem 0xb6819708-0xb681975c]
[    0.009360] ACPI: Reserving SSDT table memory at [mem 0xb6819760-0xb681ebcb]
[    0.009361] ACPI: Reserving UEFI table memory at [mem 0xb681ebd0-0xb681ec11]
[    0.009362] ACPI: Reserving SSDT table memory at [mem 0xb681ec18-0xb681fa8a]
[    0.009363] ACPI: Reserving BGRT table memory at [mem 0xb681fa90-0xb681fac7]
[    0.009364] ACPI: Reserving TPM2 table memory at [mem 0xb681fac8-0xb681fafb]
[    0.009365] ACPI: Reserving LUFT table memory at [mem 0xb681fb00-0xb68764e1]
[    0.009366] ACPI: Reserving WPBT table memory at [mem 0xb68764e8-0xb687651b]
[    0.009559] No NUMA configuration found
[    0.009560] Faking a node at [mem 0x0000000000000000-0x000000023effffff]
[    0.009572] NODE_DATA(0) allocated [mem 0x23efd5000-0x23effffff]
[    0.009750] crashkernel reserved: 0x000000008f000000 - 0x00000000af000000 (512 MB)
[    0.009769] Zone ranges:
[    0.009770]   DMA      [mem 0x0000000000001000-0x0000000000ffffff]
[    0.009772]   DMA32    [mem 0x0000000001000000-0x00000000ffffffff]
[    0.009774]   Normal   [mem 0x0000000100000000-0x000000023effffff]
[    0.009775]   Device   empty
[    0.009776] Movable zone start for each node
[    0.009779] Early memory node ranges
[    0.009780]   node   0: [mem 0x0000000000001000-0x0000000000057fff]
[    0.009781]   node   0: [mem 0x0000000000059000-0x000000000009efff]
[    0.009782]   node   0: [mem 0x0000000000100000-0x00000000b67ebfff]
[    0.009783]   node   0: [mem 0x00000000b6877000-0x00000000b7e23fff]
[    0.009784]   node   0: [mem 0x00000000b7e4f000-0x00000000bb548fff]
[    0.009785]   node   0: [mem 0x00000000bd2fe000-0x00000000bd2fefff]
[    0.009786]   node   0: [mem 0x0000000100000000-0x000000023effffff]
[    0.009788] Initmem setup node 0 [mem 0x0000000000001000-0x000000023effffff]
[    0.009793] On node 0, zone DMA: 1 pages in unavailable ranges
[    0.009794] On node 0, zone DMA: 1 pages in unavailable ranges
[    0.009813] On node 0, zone DMA: 97 pages in unavailable ranges
[    0.017270] On node 0, zone DMA32: 139 pages in unavailable ranges
[    0.017407] On node 0, zone DMA32: 43 pages in unavailable ranges
[    0.017491] On node 0, zone DMA32: 7605 pages in unavailable ranges
[    0.031062] On node 0, zone Normal: 11521 pages in unavailable ranges
[    0.031106] On node 0, zone Normal: 4096 pages in unavailable ranges
[    0.031114] Reserving Intel graphics memory at [mem 0xbe000000-0xbfffffff]
[    0.031283] ACPI: PM-Timer IO Port: 0x1808
[    0.031292] ACPI: LAPIC_NMI (acpi_id[0x01] high edge lint[0x1])
[    0.031294] ACPI: LAPIC_NMI (acpi_id[0x02] high edge lint[0x1])
[    0.031295] ACPI: LAPIC_NMI (acpi_id[0x03] high edge lint[0x1])
[    0.031296] ACPI: LAPIC_NMI (acpi_id[0x04] high edge lint[0x1])
[    0.031323] IOAPIC[0]: apic_id 2, version 32, address 0xfec00000, GSI 0-119
[    0.031326] ACPI: INT_SRC_OVR (bus 0 bus_irq 0 global_irq 2 dfl dfl)
[    0.031328] ACPI: INT_SRC_OVR (bus 0 bus_irq 9 global_irq 9 high level)
[    0.031333] ACPI: Using ACPI (MADT) for SMP configuration information
[    0.031334] ACPI: HPET id: 0x8086a701 base: 0xfed00000
[    0.031341] e820: update [mem 0xb96fb000-0xb9743fff] usable ==> reserved
[    0.031355] TSC deadline timer available
[    0.031360] CPU topo: Max. logical packages:   1
[    0.031361] CPU topo: Max. logical dies:       1
[    0.031362] CPU topo: Max. dies per package:   1
[    0.031366] CPU topo: Max. threads per core:   1
[    0.031367] CPU topo: Num. cores per package:     4
[    0.031368] CPU topo: Num. threads per package:   4
[    0.031368] CPU topo: Allowing 4 present CPUs plus 0 hotplug CPUs
[    0.031386] PM: hibernation: Registered nosave memory: [mem 0x00000000-0x00000fff]
[    0.031388] PM: hibernation: Registered nosave memory: [mem 0x00058000-0x00058fff]
[    0.031390] PM: hibernation: Registered nosave memory: [mem 0x0009f000-0x0009ffff]
[    0.031391] PM: hibernation: Registered nosave memory: [mem 0x000a0000-0x000fffff]
[    0.031393] PM: hibernation: Registered nosave memory: [mem 0xb03bf000-0xb03bffff]
[    0.031394] PM: hibernation: Registered nosave memory: [mem 0xb03cc000-0xb03ccfff]
[    0.031395] PM: hibernation: Registered nosave memory: [mem 0xb03cd000-0xb03cdfff]
[    0.031397] PM: hibernation: Registered nosave memory: [mem 0xb03dd000-0xb03ddfff]
[    0.031399] PM: hibernation: Registered nosave memory: [mem 0xb67ec000-0xb6876fff]
[    0.031400] PM: hibernation: Registered nosave memory: [mem 0xb7e24000-0xb7e24fff]
[    0.031401] PM: hibernation: Registered nosave memory: [mem 0xb7e25000-0xb7e4efff]
[    0.031403] PM: hibernation: Registered nosave memory: [mem 0xb96fb000-0xb9743fff]
[    0.031405] PM: hibernation: Registered nosave memory: [mem 0xbb549000-0xbc4a7fff]
[    0.031406] PM: hibernation: Registered nosave memory: [mem 0xbc4a8000-0xbc55cfff]
[    0.031406] PM: hibernation: Registered nosave memory: [mem 0xbc55d000-0xbce4ffff]
[    0.031407] PM: hibernation: Registered nosave memory: [mem 0xbce50000-0xbd2fdfff]
[    0.031409] PM: hibernation: Registered nosave memory: [mem 0xbd2ff000-0xbd2fffff]
[    0.031410] PM: hibernation: Registered nosave memory: [mem 0xbd300000-0xbd3fffff]
[    0.031410] PM: hibernation: Registered nosave memory: [mem 0xbd400000-0xbdffffff]
[    0.031411] PM: hibernation: Registered nosave memory: [mem 0xbe000000-0xbfffffff]
[    0.031412] PM: hibernation: Registered nosave memory: [mem 0xc0000000-0xfdffffff]
[    0.031413] PM: hibernation: Registered nosave memory: [mem 0xfe000000-0xfe010fff]
[    0.031414] PM: hibernation: Registered nosave memory: [mem 0xfe011000-0xfebfffff]
[    0.031414] PM: hibernation: Registered nosave memory: [mem 0xfec00000-0xfec00fff]
[    0.031415] PM: hibernation: Registered nosave memory: [mem 0xfec01000-0xfedfffff]
[    0.031416] PM: hibernation: Registered nosave memory: [mem 0xfee00000-0xfee00fff]
[    0.031417] PM: hibernation: Registered nosave memory: [mem 0xfee01000-0xffffffff]
[    0.031418] [mem 0xc0000000-0xfdffffff] available for PCI devices
[    0.031420] Booting paravirtualized kernel on bare hardware
[    0.031422] clocksource: refined-jiffies: mask: 0xffffffff max_cycles: 0xffffffff, max_idle_ns: 1910969940391419 ns
[    0.031429] setup_percpu: NR_CPUS:8192 nr_cpumask_bits:4 nr_cpu_ids:4 nr_node_ids:1
[    0.031876] percpu: Embedded 88 pages/cpu s237568 r8192 d114688 u524288
[    0.031884] pcpu-alloc: s237568 r8192 d114688 u524288 alloc=1*2097152
[    0.031887] pcpu-alloc: [0] 0 1 2 3 
[    0.031907] Kernel command line: BOOT_IMAGE=/boot/vmlinuz-6.11.0-9-generic root=UUID=5c77e7af-1bf7-4ee3-af36-ee3cd2fdeb8a ro loglevel=7 iomem=relaxed crashkernel=2G-4G:320M,4G-32G:512M,32G-64G:1024M,64G-128G:2048M,128G-:4096M
[    0.031981] Unknown kernel command line parameters "BOOT_IMAGE=/boot/vmlinuz-6.11.0-9-generic", will be passed to user space.
[    0.032011] random: crng init done
[    0.033345] Dentry cache hash table entries: 1048576 (order: 11, 8388608 bytes, linear)
[    0.034007] Inode-cache hash table entries: 524288 (order: 10, 4194304 bytes, linear)
[    0.034079] Fallback order for Node 0: 0 
[    0.034082] Built 1 zonelists, mobility grouping on.  Total pages: 2073649
[    0.034083] Policy zone: Normal
[    0.034089] mem auto-init: stack:all(zero), heap alloc:on, heap free:off
[    0.034093] software IO TLB: area num 4.
[    0.081661] SLUB: HWalign=64, Order=0-3, MinObjects=0, CPUs=4, Nodes=1
[    0.081686] Kernel/User page tables isolation: enabled
[    0.081720] ftrace: allocating 59297 entries in 232 pages
[    0.091273] ftrace: allocated 232 pages with 4 groups
[    0.092025] Dynamic Preempt: voluntary
[    0.092086] rcu: Preemptible hierarchical RCU implementation.
[    0.092087] rcu: 	RCU restricting CPUs from NR_CPUS=8192 to nr_cpu_ids=4.
[    0.092088] 	Trampoline variant of Tasks RCU enabled.
[    0.092089] 	Rude variant of Tasks RCU enabled.
[    0.092089] 	Tracing variant of Tasks RCU enabled.
[    0.092090] rcu: RCU calculated value of scheduler-enlistment delay is 100 jiffies.
[    0.092091] rcu: Adjusting geometry for rcu_fanout_leaf=16, nr_cpu_ids=4
[    0.092097] RCU Tasks: Setting shift to 2 and lim to 1 rcu_task_cb_adjust=1.
[    0.092099] RCU Tasks Rude: Setting shift to 2 and lim to 1 rcu_task_cb_adjust=1.
[    0.092100] RCU Tasks Trace: Setting shift to 2 and lim to 1 rcu_task_cb_adjust=1.
[    0.096458] NR_IRQS: 524544, nr_irqs: 1024, preallocated irqs: 16
[    0.096687] rcu: srcu_init: Setting srcu_struct sizes based on contention.
[    0.096876] Console: colour dummy device 80x25
[    0.096879] printk: legacy console [tty0] enabled
[    0.097324] ACPI: Core revision 20240322
[    0.097727] clocksource: hpet: mask: 0xffffffff max_cycles: 0xffffffff, max_idle_ns: 79635855245 ns
[    0.097803] APIC: Switch to symmetric I/O mode setup
[    0.099035] x2apic: IRQ remapping doesn't support X2APIC mode
[    0.102071] ..TIMER: vector=0x30 apic1=0 pin1=2 apic2=0 pin2=0
[    0.106810] clocksource: tsc-early: mask: 0xffffffffffffffff max_cycles: 0x26eae8729ef, max_idle_ns: 440795235156 ns
[    0.106818] Calibrating delay loop (skipped), value calculated using timer frequency.. 5399.81 BogoMIPS (lpj=2699909)
[    0.106842] x86/cpu: SGX disabled by BIOS.
[    0.106848] CPU0: Thermal monitoring enabled (TM1)
[    0.106896] Last level iTLB entries: 4KB 128, 2MB 8, 4MB 8
[    0.106899] Last level dTLB entries: 4KB 64, 2MB 0, 4MB 0, 1GB 4
[    0.106905] process: using mwait in idle threads
[    0.106909] Spectre V1 : Mitigation: usercopy/swapgs barriers and __user pointer sanitization
[    0.106914] Spectre V2 : Mitigation: IBRS
[    0.106917] Spectre V2 : Spectre v2 / SpectreRSB mitigation: Filling RSB on context switch
[    0.106922] Spectre V2 : Spectre v2 / SpectreRSB : Filling RSB on VMEXIT
[    0.106925] RETBleed: Mitigation: IBRS
[    0.106929] Spectre V2 : mitigation: Enabling conditional Indirect Branch Prediction Barrier
[    0.106935] Speculative Store Bypass: Mitigation: Speculative Store Bypass disabled via prctl
[    0.106946] MDS: Mitigation: Clear CPU buffers
[    0.106949] MMIO Stale Data: Mitigation: Clear CPU buffers
[    0.106956] SRBDS: Mitigation: Microcode
[    0.106959] GDS: Vulnerable: No microcode
[    0.106966] x86/fpu: Supporting XSAVE feature 0x001: 'x87 floating point registers'
[    0.106972] x86/fpu: Supporting XSAVE feature 0x002: 'SSE registers'
[    0.106976] x86/fpu: Supporting XSAVE feature 0x004: 'AVX registers'
[    0.106980] x86/fpu: Supporting XSAVE feature 0x008: 'MPX bounds registers'
[    0.106984] x86/fpu: Supporting XSAVE feature 0x010: 'MPX CSR'
[    0.106988] x86/fpu: xstate_offset[2]:  576, xstate_sizes[2]:  256
[    0.106993] x86/fpu: xstate_offset[3]:  832, xstate_sizes[3]:   64
[    0.106997] x86/fpu: xstate_offset[4]:  896, xstate_sizes[4]:   64
[    0.107001] x86/fpu: Enabled xstate features 0x1f, context size is 960 bytes, using 'compacted' format.
[    0.148307] Freeing SMP alternatives memory: 48K
[    0.148315] pid_max: default: 32768 minimum: 301
[    0.150893] LSM: initializing lsm=lockdown,capability,landlock,yama,apparmor,ima,evm
[    0.150919] landlock: Up and running.
[    0.150922] Yama: becoming mindful.
[    0.150957] AppArmor: AppArmor initialized
[    0.151013] Mount-cache hash table entries: 16384 (order: 5, 131072 bytes, linear)
[    0.151027] Mountpoint-cache hash table entries: 16384 (order: 5, 131072 bytes, linear)
[    0.151894] smpboot: CPU0: Intel(R) Core(TM) i5-6400 CPU @ 2.70GHz (family: 0x6, model: 0x5e, stepping: 0x3)
[    0.152110] Performance Events: PEBS fmt3+, Skylake events, 32-deep LBR, full-width counters, Intel PMU driver.
[    0.152140] ... version:                4
[    0.152143] ... bit width:              48
[    0.152145] ... generic registers:      8
[    0.152148] ... value mask:             0000ffffffffffff
[    0.152151] ... max period:             00007fffffffffff
[    0.152154] ... fixed-purpose events:   3
[    0.152157] ... event mask:             00000007000000ff
[    0.152283] signal: max sigframe size: 2032
[    0.152302] Estimated ratio of average max frequency by base frequency (times 1024): 1175
[    0.153474] rcu: Hierarchical SRCU implementation.
[    0.153477] rcu: 	Max phase no-delay instances is 400.
[    0.153522] Timer migration: 1 hierarchy levels; 8 children per group; 1 crossnode level
[    0.154033] NMI watchdog: Enabled. Permanently consumes one hw-PMU counter.
[    0.154088] smp: Bringing up secondary CPUs ...
[    0.154190] smpboot: x86: Booting SMP configuration:
[    0.154194] .... node  #0, CPUs:      #1 #2 #3
[    0.157881] smp: Brought up 1 node, 4 CPUs
[    0.157881] smpboot: Total of 4 processors activated (21599.27 BogoMIPS)
[    0.158876] Memory: 7429536K/8294596K available (22528K kernel code, 4521K rwdata, 14936K rodata, 4956K init, 4664K bss, 855904K reserved, 0K cma-reserved)
[    0.159154] devtmpfs: initialized
[    0.159154] x86/mm: Memory block size: 128MB
[    0.160254] ACPI: PM: Registering ACPI NVS region [mem 0xb7e24000-0xb7e24fff] (4096 bytes)
[    0.160260] ACPI: PM: Registering ACPI NVS region [mem 0xbc55d000-0xbce4ffff] (9383936 bytes)
[    0.160416] clocksource: jiffies: mask: 0xffffffff max_cycles: 0xffffffff, max_idle_ns: 1911260446275000 ns
[    0.160427] futex hash table entries: 1024 (order: 4, 65536 bytes, linear)
[    0.160492] pinctrl core: initialized pinctrl subsystem
[    0.160692] PM: RTC time: 18:19:57, date: 2024-10-26
[    0.161237] NET: Registered PF_NETLINK/PF_ROUTE protocol family
[    0.161456] DMA: preallocated 1024 KiB GFP_KERNEL pool for atomic allocations
[    0.161533] DMA: preallocated 1024 KiB GFP_KERNEL|GFP_DMA pool for atomic allocations
[    0.161608] DMA: preallocated 1024 KiB GFP_KERNEL|GFP_DMA32 pool for atomic allocations
[    0.161629] audit: initializing netlink subsys (disabled)
[    0.161704] audit: type=2000 audit(1729966797.061:1): state=initialized audit_enabled=0 res=1
[    0.161842] thermal_sys: Registered thermal governor 'fair_share'
[    0.161844] thermal_sys: Registered thermal governor 'bang_bang'
[    0.161848] thermal_sys: Registered thermal governor 'step_wise'
[    0.161851] thermal_sys: Registered thermal governor 'user_space'
[    0.161855] thermal_sys: Registered thermal governor 'power_allocator'
[    0.161864] EISA bus registered
[    0.161876] cpuidle: using governor ladder
[    0.161882] cpuidle: using governor menu
[    0.161935] acpiphp: ACPI Hot Plug PCI Controller Driver version: 0.5
[    0.161951] PCI: ECAM [mem 0xe0000000-0xefffffff] (base 0xe0000000) for domain 0000 [bus 00-ff]
[    0.161969] PCI: Using configuration type 1 for base access
[    0.162114] kprobes: kprobe jump-optimization is enabled. All kprobes are optimized if possible.
[    0.164819] HugeTLB: registered 1.00 GiB page size, pre-allocated 0 pages
[    0.164825] HugeTLB: 16380 KiB vmemmap can be freed for a 1.00 GiB page
[    0.164829] HugeTLB: registered 2.00 MiB page size, pre-allocated 0 pages
[    0.164833] HugeTLB: 28 KiB vmemmap can be freed for a 2.00 MiB page
[    0.164958] fbcon: Taking over console
[    0.164980] ACPI: Added _OSI(Module Device)
[    0.164984] ACPI: Added _OSI(Processor Device)
[    0.164988] ACPI: Added _OSI(3.0 _SCP Extensions)
[    0.164991] ACPI: Added _OSI(Processor Aggregator Device)
[    0.209576] ACPI: 8 ACPI AML tables successfully acquired and loaded
[    0.213086] ACPI: [Firmware Bug]: BIOS _OSI(Linux) query ignored
[    0.218119] ACPI: Dynamic OEM Table Load:
[    0.218129] ACPI: SSDT 0xFFFF91F601415C00 00037F (v02 PmRef  Cpu0Cst  00003001 INTL 20120913)
[    0.219809] ACPI: Dynamic OEM Table Load:
[    0.219818] ACPI: SSDT 0xFFFF91F6014A4800 0005FD (v02 PmRef  Cpu0Ist  00003000 INTL 20120913)
[    0.221633] ACPI: Dynamic OEM Table Load:
[    0.221640] ACPI: SSDT 0xFFFF91F6014CB6C0 00008E (v02 PmRef  Cpu0Hwp  00003000 INTL 20120913)
[    0.223121] ACPI: Dynamic OEM Table Load:
[    0.223128] ACPI: SSDT 0xFFFF91F600C02C00 000130 (v02 PmRef  HwpLvt   00003000 INTL 20120913)
[    0.225158] ACPI: Dynamic OEM Table Load:
[    0.225169] ACPI: SSDT 0xFFFF91F6014A3800 0005AA (v02 PmRef  ApIst    00003000 INTL 20120913)
[    0.227160] ACPI: Dynamic OEM Table Load:
[    0.227168] ACPI: SSDT 0xFFFF91F600C03800 000119 (v02 PmRef  ApHwp    00003000 INTL 20120913)
[    0.228748] ACPI: Dynamic OEM Table Load:
[    0.228756] ACPI: SSDT 0xFFFF91F600C04400 000119 (v02 PmRef  ApCst    00003000 INTL 20120913)
[    0.234308] ACPI: Interpreter enabled
[    0.234348] ACPI: PM: (supports S0 S3 S4 S5)
[    0.234351] ACPI: Using IOAPIC for interrupt routing
[    0.236499] PCI: Using host bridge windows from ACPI; if necessary, use "pci=nocrs" and report a bug
[    0.236505] PCI: Using E820 reservations for host bridge windows
[    0.237844] ACPI: Enabled 8 GPEs in block 00 to 7F
[    0.241314] ACPI: \_SB_.PCI0.PEG0.PG00: New power resource
[    0.241860] ACPI: \_SB_.PCI0.PEG1.PG01: New power resource
[    0.242349] ACPI: \_SB_.PCI0.PEG2.PG02: New power resource
[    0.247596] ACPI: \_SB_.PCI0.RP09.PXSX.WRST: New power resource
[    0.247990] ACPI: \_SB_.PCI0.RP10.PXSX.WRST: New power resource
[    0.248380] ACPI: \_SB_.PCI0.RP11.PXSX.WRST: New power resource
[    0.248772] ACPI: \_SB_.PCI0.RP12.PXSX.WRST: New power resource
[    0.249157] ACPI: \_SB_.PCI0.RP13.PXSX.WRST: New power resource
[    0.249540] ACPI: \_SB_.PCI0.RP01.PXSX.WRST: New power resource
[    0.249924] ACPI: \_SB_.PCI0.RP02.PXSX.WRST: New power resource
[    0.250306] ACPI: \_SB_.PCI0.RP03.PXSX.WRST: New power resource
[    0.250690] ACPI: \_SB_.PCI0.RP04.PXSX.WRST: New power resource
[    0.251075] ACPI: \_SB_.PCI0.RP05.PXSX.WRST: New power resource
[    0.251457] ACPI: \_SB_.PCI0.RP06.PXSX.WRST: New power resource
[    0.251875] ACPI: \_SB_.PCI0.RP07.PXSX.WRST: New power resource
[    0.252257] ACPI: \_SB_.PCI0.RP08.PXSX.WRST: New power resource
[    0.252642] ACPI: \_SB_.PCI0.RP17.PXSX.WRST: New power resource
[    0.253026] ACPI: \_SB_.PCI0.RP18.PXSX.WRST: New power resource
[    0.253408] ACPI: \_SB_.PCI0.RP19.PXSX.WRST: New power resource
[    0.253790] ACPI: \_SB_.PCI0.RP20.PXSX.WRST: New power resource
[    0.254174] ACPI: \_SB_.PCI0.RP14.PXSX.WRST: New power resource
[    0.254560] ACPI: \_SB_.PCI0.RP15.PXSX.WRST: New power resource
[    0.254953] ACPI: \_SB_.PCI0.RP16.PXSX.WRST: New power resource
[    0.274818] ACPI: \_TZ_.FN00: New power resource
[    0.274926] ACPI: \_TZ_.FN01: New power resource
[    0.275029] ACPI: \_TZ_.FN02: New power resource
[    0.275134] ACPI: \_TZ_.FN03: New power resource
[    0.275236] ACPI: \_TZ_.FN04: New power resource
[    0.276974] ACPI: PCI Root Bridge [PCI0] (domain 0000 [bus 00-fe])
[    0.276985] acpi PNP0A08:00: _OSC: OS supports [ExtendedConfig ASPM ClockPM Segments MSI EDR HPX-Type3]
[    0.278930] acpi PNP0A08:00: _OSC: OS now controls [PCIeHotplug SHPCHotplug PME AER PCIeCapability LTR DPC]
[    0.280194] PCI host bridge to bus 0000:00
[    0.280201] pci_bus 0000:00: root bus resource [io  0x0000-0x0cf7 window]
[    0.280206] pci_bus 0000:00: root bus resource [io  0x0d00-0xffff window]
[    0.280211] pci_bus 0000:00: root bus resource [mem 0x000a0000-0x000bffff window]
[    0.280216] pci_bus 0000:00: root bus resource [mem 0xc0000000-0xdfffffff window]
[    0.280221] pci_bus 0000:00: root bus resource [mem 0xfd000000-0xfe7fffff window]
[    0.280226] pci_bus 0000:00: root bus resource [bus 00-fe]
[    0.280326] pci 0000:00:00.0: [8086:191f] type 00 class 0x060000 conventional PCI endpoint
[    0.280428] pci 0000:00:02.0: [8086:1912] type 00 class 0x030000 PCIe Root Complex Integrated Endpoint
[    0.280450] pci 0000:00:02.0: BAR 0 [mem 0xde000000-0xdeffffff 64bit]
[    0.280465] pci 0000:00:02.0: BAR 2 [mem 0xc0000000-0xcfffffff 64bit pref]
[    0.280476] pci 0000:00:02.0: BAR 4 [io  0xf000-0xf03f]
[    0.280505] pci 0000:00:02.0: DMAR: Disabling IOMMU for graphics on this chipset
[    0.280513] pci 0000:00:02.0: Video device with shadowed ROM at [mem 0x000c0000-0x000dffff]
[    0.280791] pci 0000:00:14.0: [8086:a12f] type 00 class 0x0c0330 conventional PCI endpoint
[    0.280822] pci 0000:00:14.0: BAR 0 [mem 0xdf210000-0xdf21ffff 64bit]
[    0.280915] pci 0000:00:14.0: PME# supported from D3hot D3cold
[    0.281304] pci 0000:00:16.0: [8086:a13a] type 00 class 0x078000 conventional PCI endpoint
[    0.281337] pci 0000:00:16.0: BAR 0 [mem 0xdf22d000-0xdf22dfff 64bit]
[    0.281425] pci 0000:00:16.0: PME# supported from D3hot
[    0.281717] pci 0000:00:17.0: [8086:a102] type 00 class 0x010601 conventional PCI endpoint
[    0.281742] pci 0000:00:17.0: BAR 0 [mem 0xdf228000-0xdf229fff]
[    0.281757] pci 0000:00:17.0: BAR 1 [mem 0xdf22c000-0xdf22c0ff]
[    0.281771] pci 0000:00:17.0: BAR 2 [io  0xf090-0xf097]
[    0.281785] pci 0000:00:17.0: BAR 3 [io  0xf080-0xf083]
[    0.281800] pci 0000:00:17.0: BAR 4 [io  0xf060-0xf07f]
[    0.281814] pci 0000:00:17.0: BAR 5 [mem 0xdf22b000-0xdf22b7ff]
[    0.281862] pci 0000:00:17.0: PME# supported from D3hot
[    0.282206] pci 0000:00:1c.0: [8086:a115] type 01 class 0x060400 PCIe Root Port
[    0.282249] pci 0000:00:1c.0: PCI bridge to [bus 01]
[    0.282255] pci 0000:00:1c.0:   bridge window [io  0xe000-0xefff]
[    0.282260] pci 0000:00:1c.0:   bridge window [mem 0xdf100000-0xdf1fffff]
[    0.282273] pci 0000:00:1c.0:   bridge window [mem 0xd0000000-0xd00fffff 64bit pref]
[    0.282332] pci 0000:00:1c.0: PME# supported from D0 D3hot D3cold
[    0.283088] pci 0000:00:1d.0: [8086:a118] type 01 class 0x060400 PCIe Root Port
[    0.283131] pci 0000:00:1d.0: PCI bridge to [bus 02]
[    0.283138] pci 0000:00:1d.0:   bridge window [mem 0xdf000000-0xdf0fffff]
[    0.283206] pci 0000:00:1d.0: PME# supported from D0 D3hot D3cold
[    0.283949] pci 0000:00:1f.0: [8086:a143] type 00 class 0x060100 conventional PCI endpoint
[    0.284388] pci 0000:00:1f.2: [8086:a121] type 00 class 0x058000 conventional PCI endpoint
[    0.284409] pci 0000:00:1f.2: BAR 0 [mem 0xdf224000-0xdf227fff]
[    0.284735] pci 0000:00:1f.3: [8086:a170] type 00 class 0x040300 conventional PCI endpoint
[    0.284767] pci 0000:00:1f.3: BAR 0 [mem 0xdf220000-0xdf223fff 64bit]
[    0.284804] pci 0000:00:1f.3: BAR 4 [mem 0xdf200000-0xdf20ffff 64bit]
[    0.284858] pci 0000:00:1f.3: PME# supported from D3hot D3cold
[    0.285528] pci 0000:00:1f.4: [8086:a123] type 00 class 0x0c0500 conventional PCI endpoint
[    0.285590] pci 0000:00:1f.4: BAR 0 [mem 0xdf22a000-0xdf22a0ff 64bit]
[    0.285664] pci 0000:00:1f.4: BAR 4 [io  0xf040-0xf05f]
[    0.286073] pci 0000:01:00.0: [10ec:8168] type 00 class 0x020000 PCIe Endpoint
[    0.286104] pci 0000:01:00.0: BAR 0 [io  0xe000-0xe0ff]
[    0.286145] pci 0000:01:00.0: BAR 2 [mem 0xdf100000-0xdf100fff 64bit]
[    0.286171] pci 0000:01:00.0: BAR 4 [mem 0xd0000000-0xd0003fff 64bit pref]
[    0.286288] pci 0000:01:00.0: supports D1 D2
[    0.286292] pci 0000:01:00.0: PME# supported from D0 D1 D2 D3hot D3cold
[    0.286798] pci 0000:00:1c.0: PCI bridge to [bus 01]
[    0.286906] pci 0000:02:00.0: [8086:3166] type 00 class 0x028000 PCIe Endpoint
[    0.286952] pci 0000:02:00.0: BAR 0 [mem 0xdf000000-0xdf001fff 64bit]
[    0.287158] pci 0000:02:00.0: PME# supported from D0 D3hot D3cold
[    0.287720] pci 0000:00:1d.0: PCI bridge to [bus 02]
[    0.290427] ACPI: PCI: Interrupt link LNKA configured for IRQ 11
[    0.290503] ACPI: PCI: Interrupt link LNKB configured for IRQ 10
[    0.290578] ACPI: PCI: Interrupt link LNKC configured for IRQ 11
[    0.290651] ACPI: PCI: Interrupt link LNKD configured for IRQ 11
[    0.290722] ACPI: PCI: Interrupt link LNKE configured for IRQ 11
[    0.290794] ACPI: PCI: Interrupt link LNKF configured for IRQ 11
[    0.290867] ACPI: PCI: Interrupt link LNKG configured for IRQ 11
[    0.290950] ACPI: PCI: Interrupt link LNKH configured for IRQ 11
[    0.294686] iommu: Default domain type: Translated
[    0.294686] iommu: DMA domain TLB invalidation policy: lazy mode
[    0.294890] SCSI subsystem initialized
[    0.294898] libata version 3.00 loaded.
[    0.294898] ACPI: bus type USB registered
[    0.294898] usbcore: registered new interface driver usbfs
[    0.294898] usbcore: registered new interface driver hub
[    0.294898] usbcore: registered new device driver usb
[    0.294902] pps_core: LinuxPPS API ver. 1 registered
[    0.294905] pps_core: Software ver. 5.3.6 - Copyright 2005-2007 Rodolfo Giometti <giometti@linux.it>
[    0.294911] PTP clock support registered
[    0.294924] EDAC MC: Ver: 3.0.0
[    0.294924] efivars: Registered efivars operations
[    0.295104] NetLabel: Initializing
[    0.295108] NetLabel:  domain hash size = 128
[    0.295111] NetLabel:  protocols = UNLABELED CIPSOv4 CALIPSO
[    0.295134] NetLabel:  unlabeled traffic allowed by default
[    0.295152] mctp: management component transport protocol core
[    0.295152] NET: Registered PF_MCTP protocol family
[    0.295152] PCI: Using ACPI for IRQ routing
[    0.323956] PCI: pci_cache_line_size set to 64 bytes
[    0.323994] e820: reserve RAM buffer [mem 0x00058000-0x0005ffff]
[    0.323997] e820: reserve RAM buffer [mem 0x0009f000-0x0009ffff]
[    0.323998] e820: reserve RAM buffer [mem 0xb03bf018-0xb3ffffff]
[    0.324000] e820: reserve RAM buffer [mem 0xb03cd018-0xb3ffffff]
[    0.324001] e820: reserve RAM buffer [mem 0xb67ec000-0xb7ffffff]
[    0.324002] e820: reserve RAM buffer [mem 0xb7e24000-0xb7ffffff]
[    0.324004] e820: reserve RAM buffer [mem 0xb96fb000-0xbbffffff]
[    0.324005] e820: reserve RAM buffer [mem 0xbb549000-0xbbffffff]
[    0.324006] e820: reserve RAM buffer [mem 0xbd2ff000-0xbfffffff]
[    0.324008] e820: reserve RAM buffer [mem 0x23f000000-0x23fffffff]
[    0.324050] pci 0000:00:02.0: vgaarb: setting as boot VGA device
[    0.324050] pci 0000:00:02.0: vgaarb: bridge control possible
[    0.324050] pci 0000:00:02.0: vgaarb: VGA device added: decodes=io+mem,owns=io+mem,locks=none
[    0.324050] vgaarb: loaded
[    0.324050] hpet0: at MMIO 0xfed00000, IRQs 2, 8, 0, 0, 0, 0, 0, 0
[    0.324050] hpet0: 8 comparators, 64-bit 24.000000 MHz counter
[    0.325838] clocksource: Switched to clocksource tsc-early
[    0.326547] VFS: Disk quotas dquot_6.6.0
[    0.326559] VFS: Dquot-cache hash table entries: 512 (order 0, 4096 bytes)
[    0.326695] AppArmor: AppArmor Filesystem Enabled
[    0.326723] pnp: PnP ACPI init
[    0.327048] system 00:00: [io  0x0a00-0x0a0f] has been reserved
[    0.327055] system 00:00: [io  0x0a10-0x0a1f] has been reserved
[    0.327059] system 00:00: [io  0x0a20-0x0a2f] has been reserved
[    0.327809] system 00:01: [io  0x0680-0x069f] has been reserved
[    0.327815] system 00:01: [io  0xffff] has been reserved
[    0.327819] system 00:01: [io  0xffff] has been reserved
[    0.327823] system 00:01: [io  0xffff] has been reserved
[    0.327826] system 00:01: [io  0x1800-0x18fe] has been reserved
[    0.327830] system 00:01: [io  0x164e-0x164f] has been reserved
[    0.327930] system 00:02: [io  0x0800-0x087f] has been reserved
[    0.327998] system 00:04: [io  0x1854-0x1857] has been reserved
[    0.328284] system 00:05: [mem 0xfed10000-0xfed17fff] has been reserved
[    0.328289] system 00:05: [mem 0xfed18000-0xfed18fff] has been reserved
[    0.328294] system 00:05: [mem 0xfed19000-0xfed19fff] has been reserved
[    0.328298] system 00:05: [mem 0xe0000000-0xefffffff] has been reserved
[    0.328302] system 00:05: [mem 0xfed20000-0xfed3ffff] has been reserved
[    0.328306] system 00:05: [mem 0xfed90000-0xfed93fff] has been reserved
[    0.328311] system 00:05: [mem 0xfed45000-0xfed8ffff] has been reserved
[    0.328315] system 00:05: [mem 0xff000000-0xffffffff] has been reserved
[    0.328319] system 00:05: [mem 0xfee00000-0xfeefffff] could not be reserved
[    0.328324] system 00:05: [mem 0xdffc0000-0xdffdffff] has been reserved
[    0.328378] system 00:06: [mem 0xfd000000-0xfdabffff] has been reserved
[    0.328383] system 00:06: [mem 0xfdad0000-0xfdadffff] has been reserved
[    0.328388] system 00:06: [mem 0xfdb00000-0xfdffffff] has been reserved
[    0.328392] system 00:06: [mem 0xfe000000-0xfe01ffff] could not be reserved
[    0.328396] system 00:06: [mem 0xfe036000-0xfe03bfff] has been reserved
[    0.328400] system 00:06: [mem 0xfe03d000-0xfe3fffff] has been reserved
[    0.328405] system 00:06: [mem 0xfe410000-0xfe7fffff] has been reserved
[    0.328737] system 00:07: [io  0xff00-0xfffe] has been reserved
[    0.330171] system 00:08: [mem 0xfdaf0000-0xfdafffff] has been reserved
[    0.330176] system 00:08: [mem 0xfdae0000-0xfdaeffff] has been reserved
[    0.330181] system 00:08: [mem 0xfdac0000-0xfdacffff] has been reserved
[    0.331254] pnp: PnP ACPI: found 9 devices
[    0.337084] clocksource: acpi_pm: mask: 0xffffff max_cycles: 0xffffff, max_idle_ns: 2085701024 ns
[    0.337158] NET: Registered PF_INET protocol family
[    0.337250] IP idents hash table entries: 131072 (order: 8, 1048576 bytes, linear)
[    0.354532] tcp_listen_portaddr_hash hash table entries: 4096 (order: 4, 65536 bytes, linear)
[    0.354555] Table-perturb hash table entries: 65536 (order: 6, 262144 bytes, linear)
[    0.354605] TCP established hash table entries: 65536 (order: 7, 524288 bytes, linear)
[    0.354794] TCP bind hash table entries: 65536 (order: 9, 2097152 bytes, linear)
[    0.355064] TCP: Hash tables configured (established 65536 bind 65536)
[    0.355129] MPTCP token hash table entries: 8192 (order: 5, 196608 bytes, linear)
[    0.355171] UDP hash table entries: 4096 (order: 5, 131072 bytes, linear)
[    0.355192] UDP-Lite hash table entries: 4096 (order: 5, 131072 bytes, linear)
[    0.355252] NET: Registered PF_UNIX/PF_LOCAL protocol family
[    0.355262] NET: Registered PF_XDP protocol family
[    0.355277] pci 0000:00:1c.0: PCI bridge to [bus 01]
[    0.355283] pci 0000:00:1c.0:   bridge window [io  0xe000-0xefff]
[    0.355294] pci 0000:00:1c.0:   bridge window [mem 0xdf100000-0xdf1fffff]
[    0.355302] pci 0000:00:1c.0:   bridge window [mem 0xd0000000-0xd00fffff 64bit pref]
[    0.355315] pci 0000:00:1d.0: PCI bridge to [bus 02]
[    0.355324] pci 0000:00:1d.0:   bridge window [mem 0xdf000000-0xdf0fffff]
[    0.355340] pci_bus 0000:00: resource 4 [io  0x0000-0x0cf7 window]
[    0.355344] pci_bus 0000:00: resource 5 [io  0x0d00-0xffff window]
[    0.355348] pci_bus 0000:00: resource 6 [mem 0x000a0000-0x000bffff window]
[    0.355353] pci_bus 0000:00: resource 7 [mem 0xc0000000-0xdfffffff window]
[    0.355357] pci_bus 0000:00: resource 8 [mem 0xfd000000-0xfe7fffff window]
[    0.355361] pci_bus 0000:01: resource 0 [io  0xe000-0xefff]
[    0.355365] pci_bus 0000:01: resource 1 [mem 0xdf100000-0xdf1fffff]
[    0.355368] pci_bus 0000:01: resource 2 [mem 0xd0000000-0xd00fffff 64bit pref]
[    0.355373] pci_bus 0000:02: resource 1 [mem 0xdf000000-0xdf0fffff]
[    0.358020] PCI: CLS 0 bytes, default 64
[    0.358070] pci 0000:00:1f.1: [8086:a120] type 00 class 0x058000 conventional PCI endpoint
[    0.358133] pci 0000:00:1f.1: BAR 0 [mem 0xfd000000-0xfdffffff 64bit]
[    0.358378] PCI-DMA: Using software bounce buffering for IO (SWIOTLB)
[    0.358382] software IO TLB: mapped [mem 0x000000008b000000-0x000000008f000000] (64MB)
[    0.358435] Trying to unpack rootfs image as initramfs...
[    0.359057] Initialise system trusted keyrings
[    0.359068] Key type blacklist registered
[    0.359117] workingset: timestamp_bits=36 max_order=21 bucket_order=0
[    0.359133] zbud: loaded
[    0.359376] squashfs: version 4.0 (2009/01/31) Phillip Lougher
[    0.359461] fuse: init (API version 7.40)
[    0.359579] integrity: Platform Keyring initialized
[    0.359586] integrity: Machine keyring initialized
[    0.372688] Key type asymmetric registered
[    0.372695] Asymmetric key parser 'x509' registered
[    0.372730] Block layer SCSI generic (bsg) driver version 0.4 loaded (major 243)
[    0.372799] io scheduler mq-deadline registered
[    0.373243] pcieport 0000:00:1c.0: PME: Signaling with IRQ 120
[    0.373307] pcieport 0000:00:1c.0: AER: enabled with IRQ 120
[    0.373556] pcieport 0000:00:1d.0: PME: Signaling with IRQ 121
[    0.373612] pcieport 0000:00:1d.0: AER: enabled with IRQ 121
[    0.373692] shpchp: Standard Hot Plug PCI Controller Driver version: 0.4
[    0.374133] input: Sleep Button as /devices/LNXSYSTM:00/LNXSYBUS:00/PNP0C0E:00/input/input0
[    0.374160] ACPI: button: Sleep Button [SLPB]
[    0.374189] input: Power Button as /devices/LNXSYSTM:00/LNXSYBUS:00/PNP0C0C:00/input/input1
[    0.374209] ACPI: button: Power Button [PWRB]
[    0.374239] input: Power Button as /devices/LNXSYSTM:00/LNXPWRBN:00/input/input2
[    0.374285] ACPI: button: Power Button [PWRF]
[    0.375261] thermal LNXTHERM:00: registered as thermal_zone0
[    0.375267] ACPI: thermal: Thermal Zone [TZ00] (28 C)
[    0.375469] thermal LNXTHERM:01: registered as thermal_zone1
[    0.375474] ACPI: thermal: Thermal Zone [TZ01] (30 C)
[    0.375736] Serial: 8250/16550 driver, 32 ports, IRQ sharing enabled
[    0.378170] Linux agpgart interface v0.103
[    0.378712] tpm_crb MSFT0101:00: [Firmware Bug]: ACPI region does not cover the entire command/response buffer. [mem 0xfed40000-0xfed4087f flags 0x200] vs fed40080 f80
[    0.378726] tpm_crb MSFT0101:00: [Firmware Bug]: ACPI region does not cover the entire command/response buffer. [mem 0xfed40000-0xfed4087f flags 0x200] vs fed40080 f80
[    0.389934] loop: module loaded
[    0.390378] ACPI: bus type drm_connector registered
[    0.391952] tun: Universal TUN/TAP device driver, 1.6
[    0.391996] PPP generic driver version 2.4.2
[    0.392175] i8042: PNP: No PS/2 controller found.
[    0.392319] mousedev: PS/2 mouse device common for all mice
[    0.392440] rtc_cmos 00:03: RTC can wake from S4
[    0.393142] rtc_cmos 00:03: registered as rtc0
[    0.393271] rtc_cmos 00:03: setting system clock to 2024-10-26T18:19:57 UTC (1729966797)
[    0.393301] rtc_cmos 00:03: alarms up to one month, y3k, 242 bytes nvram
[    0.393313] i2c_dev: i2c /dev entries driver
[    0.393506] device-mapper: core: CONFIG_IMA_DISABLE_HTABLE is disabled. Duplicate IMA measurements will not be recorded in the IMA log.
[    0.393536] device-mapper: uevent: version 1.0.3
[    0.393601] device-mapper: ioctl: 4.48.0-ioctl (2023-03-01) initialised: dm-devel@lists.linux.dev
[    0.393624] platform eisa.0: Probing EISA bus 0
[    0.393628] platform eisa.0: EISA: Cannot allocate resource for mainboard
[    0.393633] platform eisa.0: Cannot allocate resource for EISA slot 1
[    0.393637] platform eisa.0: Cannot allocate resource for EISA slot 2
[    0.393640] platform eisa.0: Cannot allocate resource for EISA slot 3
[    0.393644] platform eisa.0: Cannot allocate resource for EISA slot 4
[    0.393647] platform eisa.0: Cannot allocate resource for EISA slot 5
[    0.393651] platform eisa.0: Cannot allocate resource for EISA slot 6
[    0.393655] platform eisa.0: Cannot allocate resource for EISA slot 7
[    0.393658] platform eisa.0: Cannot allocate resource for EISA slot 8
[    0.393662] platform eisa.0: EISA: Detected 0 cards
[    0.393667] intel_pstate: Intel P-state driver initializing
[    0.393841] intel_pstate: HWP enabled
[    0.395275] ledtrig-cpu: registered to indicate activity on CPUs
[    0.395511] [drm] Initialized simpledrm 1.0.0 for simple-framebuffer.0 on minor 0
[    0.396776] Console: switching to colour frame buffer device 128x48
[    0.397933] simple-framebuffer simple-framebuffer.0: [drm] fb0: simpledrmdrmfb frame buffer device
[    0.398145] drop_monitor: Initializing network drop monitor service
[    0.398275] NET: Registered PF_INET6 protocol family
[    0.458740] Freeing initrd memory: 65940K
[    0.466635] Segment Routing with IPv6
[    0.466686] In-situ OAM (IOAM) with IPv6
[    0.466740] NET: Registered PF_PACKET protocol family
[    0.466886] Key type dns_resolver registered
[    0.467566] ENERGY_PERF_BIAS: Set to 'normal', was 'performance'
[    0.467721] microcode: Current revision: 0x000000f0
[    0.467732] microcode: Updated early from: 0x000000d6
[    0.467929] IPI shorthand broadcast: enabled
[    0.469780] sched_clock: Marking stable (466001274, 3004352)->(471548743, -2543117)
[    0.469983] registered taskstats version 1
[    0.470497] Loading compiled-in X.509 certificates
[    0.471106] Loaded X.509 cert 'Build time autogenerated kernel key: c1ee7c9c84a30c4a9712ba6c09ca40fa56914cd0'
[    0.471561] Loaded X.509 cert 'Canonical Ltd. Live Patch Signing: 14df34d1a87cf37625abec039ef2bf521249b969'
[    0.472008] Loaded X.509 cert 'Canonical Ltd. Kernel Module Signing: 88f752e560a1e0737e31163a466ad7b70a850c19'
[    0.472041] blacklist: Loading compiled-in revocation X.509 certificates
[    0.472086] Loaded X.509 cert 'Canonical Ltd. Secure Boot Signing: 61482aa2830d0ab2ad5af10b7250da9033ddcef0'
[    0.472113] Loaded X.509 cert 'Canonical Ltd. Secure Boot Signing (2017): 242ade75ac4a15e50d50c84b0d45ff3eae707a03'
[    0.472151] Loaded X.509 cert 'Canonical Ltd. Secure Boot Signing (ESM 2018): 365188c1d374d6b07c3c8f240f8ef722433d6a8b'
[    0.472176] Loaded X.509 cert 'Canonical Ltd. Secure Boot Signing (2019): c0746fd6c5da3ae827864651ad66ae47fe24b3e8'
[    0.472482] Loaded X.509 cert 'Canonical Ltd. Secure Boot Signing (2021 v1): a8d54bbb3825cfb94fa13c9f8a594a195c107b8d'
[    0.472755] Loaded X.509 cert 'Canonical Ltd. Secure Boot Signing (2021 v2): 4cf046892d6fd3c9a5b03f98d845f90851dc6a8c'
[    0.473420] Loaded X.509 cert 'Canonical Ltd. Secure Boot Signing (2021 v3): 100437bb6de6e469b581e61cd66bce3ef4ed53af'
[    0.473952] Loaded X.509 cert 'Canonical Ltd. Secure Boot Signing (Ubuntu Core 2019): c1d57b8f6b743f23ee41f4f7ee292f06eecadfb9'
[    0.478799] Demotion targets for Node 0: null
[    0.479492] Key type .fscrypt registered
[    0.480038] Key type fscrypt-provisioning registered
[    0.480566] Key type trusted registered
[    0.501430] Key type encrypted registered
[    0.501781] AppArmor: AppArmor sha256 policy hashing enabled
[    0.502467] integrity: Loading X.509 certificate: UEFI:db
[    0.502868] integrity: Loaded X.509 cert 'Microsoft Corporation UEFI CA 2011: 13adbf4309bd82709c8cd54f316ed522988a1bd4'
[    0.503203] integrity: Loading X.509 certificate: UEFI:db
[    0.503557] integrity: Loaded X.509 cert 'Microsoft Windows Production PCA 2011: a92902398e16c49778cd90f99e4f9ae17c55af53'
[    0.503902] integrity: Loading X.509 certificate: UEFI:db
[    0.504274] integrity: Loaded X.509 cert 'Lenovo UEFI CA 2014: 4b91a68732eaefdd2c8ffffc6b027ec3449e9c8f'
[    0.504634] integrity: Loading X.509 certificate: UEFI:db
[    0.505422] integrity: Loaded X.509 cert 'Trust - Lenovo Certificate: bc19ccf68446c18b4a08dce9b1cb4deb'
[    0.507698] Loading compiled-in module X.509 certificates
[    0.508809] Loaded X.509 cert 'Build time autogenerated kernel key: c1ee7c9c84a30c4a9712ba6c09ca40fa56914cd0'
[    0.509511] ima: Allocated hash algorithm: sha256
[    0.548639] ima: No architecture policies found
[    0.549230] evm: Initialising EVM extended attributes:
[    0.549760] evm: security.selinux
[    0.550280] evm: security.SMACK64
[    0.550787] evm: security.SMACK64EXEC
[    0.551290] evm: security.SMACK64TRANSMUTE
[    0.551782] evm: security.SMACK64MMAP
[    0.552273] evm: security.apparmor
[    0.552758] evm: security.ima
[    0.553245] evm: security.capability
[    0.553723] evm: HMAC attrs: 0x1
[    0.555031] PM:   Magic number: 12:161:343
[    0.555882] tty tty60: hash matches
[    0.564630] RAS: Correctable Errors collector initialized.
[    0.589102] clk: Disabling unused clocks
[    0.589946] PM: genpd: Disabling unused power domains
[    0.592040] Freeing unused decrypted memory: 2028K
[    0.593408] Freeing unused kernel image (initmem) memory: 4956K
[    0.594199] Write protecting the kernel read-only data: 38912k
[    0.595281] Freeing unused kernel image (rodata/data gap) memory: 1448K
[    0.644063] x86/mm: Checked W+X mappings: passed, no W+X pages found.
[    0.644304] x86/mm: Checking user space page tables
[    0.691336] x86/mm: Checked W+X mappings: passed, no W+X pages found.
[    0.691833] Run /init as init process
[    0.692070]   with arguments:
[    0.692071]     /init
[    0.692073]   with environment:
[    0.692074]     HOME=/
[    0.692075]     TERM=linux
[    0.692076]     BOOT_IMAGE=/boot/vmlinuz-6.11.0-9-generic
[    0.889554] xhci_hcd 0000:00:14.0: xHCI Host Controller
[    0.890548] xhci_hcd 0000:00:14.0: new USB bus registered, assigned bus number 1
[    0.891471] ahci 0000:00:17.0: version 3.0
[    0.891757] ahci 0000:00:17.0: AHCI vers 0001.0301, 32 command slots, 6 Gbps, SATA mode
[    0.892031] ahci 0000:00:17.0: 4/4 ports implemented (port mask 0xf)
[    0.892280] ahci 0000:00:17.0: flags: 64bit ncq sntf pm led clo only pio slum part ems deso sadm sds apst 
[    0.892618] xhci_hcd 0000:00:14.0: hcc params 0x200077c1 hci version 0x100 quirks 0x0000000001109810
[    0.893330] xhci_hcd 0000:00:14.0: xHCI Host Controller
[    0.893596] xhci_hcd 0000:00:14.0: new USB bus registered, assigned bus number 2
[    0.893860] xhci_hcd 0000:00:14.0: Host supports USB 3.0 SuperSpeed
[    0.896925] usb usb1: New USB device found, idVendor=1d6b, idProduct=0002, bcdDevice= 6.11
[    0.897264] usb usb1: New USB device strings: Mfr=3, Product=2, SerialNumber=1
[    0.897574] usb usb1: Product: xHCI Host Controller
[    0.897897] usb usb1: Manufacturer: Linux 6.11.0-9-generic xhci-hcd
[    0.898221] usb usb1: SerialNumber: 0000:00:14.0
[    0.905834] hub 1-0:1.0: USB hub found
[    0.906946] hub 1-0:1.0: 10 ports detected
[    0.935248] r8169 0000:01:00.0 eth0: RTL8168g/8111g, 4c:cc:6a:7b:77:4b, XID 4c0, IRQ 124
[    0.935634] r8169 0000:01:00.0 eth0: jumbo features [frames: 9194 bytes, tx checksumming: ko]
[    0.939979] scsi host0: ahci
[    0.949076] usb usb2: New USB device found, idVendor=1d6b, idProduct=0003, bcdDevice= 6.11
[    0.949509] usb usb2: New USB device strings: Mfr=3, Product=2, SerialNumber=1
[    0.949822] usb usb2: Product: xHCI Host Controller
[    0.950083] usb usb2: Manufacturer: Linux 6.11.0-9-generic xhci-hcd
[    0.950325] usb usb2: SerialNumber: 0000:00:14.0
[    0.958817] hub 2-0:1.0: USB hub found
[    0.958903] scsi host1: ahci
[    0.959195] r8169 0000:01:00.0 eno1: renamed from eth0
[    0.959948] scsi host2: ahci
[    0.960432] scsi host3: ahci
[    0.960761] hub 2-0:1.0: 4 ports detected
[    0.961481] ata1: SATA max UDMA/133 abar m2048@0xdf22b000 port 0xdf22b100 irq 122 lpm-pol 3
[    0.961798] ata2: SATA max UDMA/133 abar m2048@0xdf22b000 port 0xdf22b180 irq 122 lpm-pol 3
[    0.962085] ata3: SATA max UDMA/133 abar m2048@0xdf22b000 port 0xdf22b200 irq 122 lpm-pol 3
[    0.962343] ata4: SATA max UDMA/133 abar m2048@0xdf22b000 port 0xdf22b280 irq 122 lpm-pol 3
[    1.189238] usb 1-5: new full-speed USB device number 2 using xhci_hcd
[    1.272065] ata4: SATA link down (SStatus 4 SControl 300)
[    1.272626] ata1: SATA link down (SStatus 4 SControl 300)
[    1.273200] ata2: SATA link up 3.0 Gbps (SStatus 123 SControl 300)
[    1.273733] ata3: SATA link down (SStatus 4 SControl 300)
[    1.275253] ata2.00: ATA-8: ST9320320AS, 0303, max UDMA/133
[    1.276081] ata2.00: 625142448 sectors, multi 16: LBA48 NCQ (depth 32), AA
[    1.278709] ata2.00: configured for UDMA/133
[    1.290105] scsi 1:0:0:0: Direct-Access     ATA      ST9320320AS      0303 PQ: 0 ANSI: 5
[    1.291843] sd 1:0:0:0: Attached scsi generic sg0 type 0
[    1.291872] sd 1:0:0:0: [sda] 625142448 512-byte logical blocks: (320 GB/298 GiB)
[    1.293130] sd 1:0:0:0: [sda] Write Protect is off
[    1.293769] sd 1:0:0:0: [sda] Mode Sense: 00 3a 00 00
[    1.293797] sd 1:0:0:0: [sda] Write cache: enabled, read cache: enabled, doesn't support DPO or FUA
[    1.294525] sd 1:0:0:0: [sda] Preferred minimum I/O size 512 bytes
[    1.317763] usb 1-5: New USB device found, idVendor=046d, idProduct=c092, bcdDevice=52.00
[    1.318309] usb 1-5: New USB device strings: Mfr=1, Product=2, SerialNumber=3
[    1.318817] usb 1-5: Product: G203 LIGHTSYNC Gaming Mouse
[    1.319326] usb 1-5: Manufacturer: Logitech
[    1.319821] usb 1-5: SerialNumber: 2061334E5442
[    1.411275] tsc: Refined TSC clocksource calibration: 2711.999 MHz
[    1.411802] clocksource: tsc: mask: 0xffffffffffffffff max_cycles: 0x271785701be, max_idle_ns: 440795203568 ns
[    1.412385] clocksource: Switched to clocksource tsc
[    1.430141] usb 2-2: new SuperSpeed USB device number 2 using xhci_hcd
[    1.443903] usb 2-2: New USB device found, idVendor=090c, idProduct=1000, bcdDevice=11.00
[    1.444358] usb 2-2: New USB device strings: Mfr=1, Product=2, SerialNumber=3
[    1.444664] usb 2-2: Product: Flash Drive
[    1.444959] usb 2-2: Manufacturer: Samsung
[    1.445255] usb 2-2: SerialNumber: 0374520050033363
[    1.557076] usb 1-6: new full-speed USB device number 3 using xhci_hcd
[    1.630704]  sda: sda1 sda2
[    1.632222] sd 1:0:0:0: [sda] Attached SCSI disk
[    1.685482] usb 1-6: New USB device found, idVendor=534b, idProduct=1021, bcdDevice= 0.01
[    1.686028] usb 1-6: New USB device strings: Mfr=1, Product=2, SerialNumber=0
[    1.686536] usb 1-6: Product: Durgod Modified
[    1.687029] usb 1-6: Manufacturer: Malexty
[    1.803263] usb 1-10: new full-speed USB device number 4 using xhci_hcd
[    1.932292] usb 1-10: New USB device found, idVendor=8087, idProduct=0a2a, bcdDevice= 0.01
[    1.932836] usb 1-10: New USB device strings: Mfr=0, Product=0, SerialNumber=0
[    1.947650] usb-storage 2-2:1.0: USB Mass Storage device detected
[    1.948849] scsi host4: usb-storage 2-2:1.0
[    1.949332] usbcore: registered new interface driver usb-storage
[    1.950247] hid: raw HID events driver (C) Jiri Kosina
[    1.951776] usbcore: registered new interface driver uas
[    1.955791] usbcore: registered new interface driver usbhid
[    1.956163] usbhid: USB HID core driver
[    1.959879] input: Logitech G203 LIGHTSYNC Gaming Mouse as /devices/pci0000:00/0000:00:14.0/usb1/1-5/1-5:1.0/0003:046D:C092.0001/input/input3
[    1.961206] hid-generic 0003:046D:C092.0001: input,hidraw0: USB HID v1.11 Mouse [Logitech G203 LIGHTSYNC Gaming Mouse] on usb-0000:00:14.0-5/input0
[    1.962428] input: Logitech G203 LIGHTSYNC Gaming Mouse Keyboard as /devices/pci0000:00/0000:00:14.0/usb1/1-5/1-5:1.1/0003:046D:C092.0002/input/input4
[    2.015511] hid-generic 0003:046D:C092.0002: input,hiddev0,hidraw1: USB HID v1.11 Keyboard [Logitech G203 LIGHTSYNC Gaming Mouse] on usb-0000:00:14.0-5/input1
[    2.017483] input: Malexty Durgod Modified as /devices/pci0000:00/0000:00:14.0/usb1/1-6/1-6:1.0/0003:534B:1021.0003/input/input7
[    2.071447] hid-generic 0003:534B:1021.0003: input,hidraw2: USB HID v1.11 Keyboard [Malexty Durgod Modified] on usb-0000:00:14.0-6/input0
[    2.073565] input: Malexty Durgod Modified System Control as /devices/pci0000:00/0000:00:14.0/usb1/1-6/1-6:1.1/0003:534B:1021.0004/input/input8
[    2.127407] input: Malexty Durgod Modified Consumer Control as /devices/pci0000:00/0000:00:14.0/usb1/1-6/1-6:1.1/0003:534B:1021.0004/input/input9
[    2.129443] input: Malexty Durgod Modified Keyboard as /devices/pci0000:00/0000:00:14.0/usb1/1-6/1-6:1.1/0003:534B:1021.0004/input/input10
[    2.131641] hid-generic 0003:534B:1021.0004: input,hidraw3: USB HID v1.11 Keyboard [Malexty Durgod Modified] on usb-0000:00:14.0-6/input1
[    2.977274] EXT4-fs (sda2): orphan cleanup on readonly fs
[    2.978815] EXT4-fs (sda2): mounted filesystem 5c77e7af-1bf7-4ee3-af36-ee3cd2fdeb8a ro with ordered data mode. Quota mode: none.
[    4.557070] scsi 4:0:0:0: Direct-Access     Samsung  Flash Drive      1100 PQ: 0 ANSI: 6
[    4.558435] sd 4:0:0:0: Attached scsi generic sg1 type 0
[    4.559755] sd 4:0:0:0: [sdb] 250626566 512-byte logical blocks: (128 GB/120 GiB)
[    4.560793] sd 4:0:0:0: [sdb] Write Protect is off
[    4.561659] sd 4:0:0:0: [sdb] Mode Sense: 43 00 00 00
[    4.561824] sd 4:0:0:0: [sdb] Write cache: enabled, read cache: enabled, doesn't support DPO or FUA
[    4.587145]  sdb: sdb1 sdb2 sdb3 sdb4
[    4.587762] sd 4:0:0:0: [sdb] Attached SCSI removable disk
[    5.542164] systemd[1]: Inserted module 'autofs4'
[    5.946741] systemd[1]: systemd 256.5-2ubuntu3 running in system mode (+PAM +AUDIT +SELINUX +APPARMOR +IMA +SMACK +SECCOMP +GCRYPT -GNUTLS +OPENSSL +ACL +BLKID +CURL +ELFUTILS +FIDO2 +IDN2 -IDN +IPTC +KMOD +LIBCRYPTSETUP +LIBCRYPTSETUP_PLUGINS +LIBFDISK +PCRE2 +PWQUALITY +P11KIT +QRENCODE +TPM2 +BZIP2 +LZ4 +XZ +ZLIB +ZSTD +BPF_FRAMEWORK -XKBCOMMON +UTMP +SYSVINIT +LIBARCHIVE)
[    5.950265] systemd[1]: Detected architecture x86-64.
[    6.064186] systemd[1]: Hostname set to <user-ideacentre-300-20ISH>.
[    6.338778] systemd[1]: bpf-restrict-fs: BPF LSM hook not enabled in the kernel, BPF LSM not supported.
[    8.480186] systemd[1]: Configuration file /run/systemd/system/netplan-ovs-cleanup.service is marked world-inaccessible. This has no effect as configuration data is accessible via APIs without restrictions. Proceeding anyway.
[    8.837987] systemd[1]: Queued start job for default target graphical.target.
[    8.940165] systemd[1]: Created slice system-modprobe.slice - Slice /system/modprobe.
[    8.942970] systemd[1]: Created slice system-systemd\x2dfsck.slice - Slice /system/systemd-fsck.
[    8.946540] systemd[1]: Created slice user.slice - User and Session Slice.
[    8.947386] systemd[1]: Started systemd-ask-password-wall.path - Forward Password Requests to Wall Directory Watch.
[    8.949184] systemd[1]: Set up automount proc-sys-fs-binfmt_misc.automount - Arbitrary Executable File Formats File System Automount Point.
[    8.950564] systemd[1]: Expecting device dev-disk-by\x2duuid-A5FA\x2d3123.device - /dev/disk/by-uuid/A5FA-3123...
[    8.951414] systemd[1]: Reached target remote-fs.target - Remote File Systems.
[    8.952215] systemd[1]: Reached target slices.target - Slice Units.
[    8.952955] systemd[1]: Reached target snapd.mounts-pre.target - Mounting snaps.
[    8.954031] systemd[1]: Listening on syslog.socket - Syslog Socket.
[    8.960043] systemd[1]: Listening on systemd-creds.socket - Credential Encryption/Decryption.
[    8.960947] systemd[1]: Listening on systemd-fsckd.socket - fsck to fsckd communication Socket.
[    8.961847] systemd[1]: Listening on systemd-initctl.socket - initctl Compatibility Named Pipe.
[    8.965318] systemd[1]: Listening on systemd-journald-dev-log.socket - Journal Socket (/dev/log).
[    8.966660] systemd[1]: Listening on systemd-journald.socket - Journal Sockets.
[    8.967810] systemd[1]: Listening on systemd-oomd.socket - Userspace Out-Of-Memory (OOM) Killer Socket.
[    8.970540] systemd[1]: systemd-pcrextend.socket - TPM PCR Measurements was skipped because of an unmet condition check (ConditionSecurity=measured-uki).
[    8.971451] systemd[1]: systemd-pcrlock.socket - Make TPM PCR Policy was skipped because of an unmet condition check (ConditionSecurity=measured-uki).
[    8.972718] systemd[1]: Listening on systemd-udevd-control.socket - udev Control Socket.
[    8.976340] systemd[1]: Listening on systemd-udevd-kernel.socket - udev Kernel Socket.
[    8.983073] systemd[1]: Mounting dev-hugepages.mount - Huge Pages File System...
[    8.985672] systemd[1]: Mounting dev-mqueue.mount - POSIX Message Queue File System...
[    8.988225] systemd[1]: Mounting run-lock.mount - Legacy Locks Directory /run/lock...
[    8.991695] systemd[1]: Mounting sys-kernel-debug.mount - Kernel Debug File System...
[    9.000907] systemd[1]: Mounting sys-kernel-tracing.mount - Kernel Trace File System...
[    9.005049] systemd[1]: Starting systemd-journald.service - Journal Service...
[    9.007769] systemd[1]: Starting keyboard-setup.service - Set the console keyboard layout...
[    9.012605] systemd[1]: Starting kmod-static-nodes.service - Create List of Static Device Nodes...
[    9.017298] systemd[1]: Starting modprobe@configfs.service - Load Kernel Module configfs...
[    9.022301] systemd[1]: Starting modprobe@drm.service - Load Kernel Module drm...
[    9.027090] systemd[1]: Starting modprobe@efi_pstore.service - Load Kernel Module efi_pstore...
[    9.029892] systemd[1]: Starting modprobe@fuse.service - Load Kernel Module fuse...
[    9.033935] systemd[1]: systemd-fsck-root.service - File System Check on Root Device was skipped because of an unmet condition check (ConditionPathExists=!/run/initramfs/fsck-root).
[    9.035474] systemd[1]: systemd-hibernate-clear.service - Clear Stale Hibernate Storage Info was skipped because of an unmet condition check (ConditionPathExists=/sys/firmware/efi/efivars/HibernateLocation-8cf2644b-4b0b-428f-9387-6d876050dc67).
[    9.039832] systemd[1]: Starting systemd-modules-load.service - Load Kernel Modules...
[    9.043705] systemd[1]: systemd-pcrmachine.service - TPM PCR Machine ID Measurement was skipped because of an unmet condition check (ConditionSecurity=measured-uki).
[    9.045932] systemd[1]: Starting systemd-remount-fs.service - Remount Root and Kernel File Systems...
[    9.050018] systemd[1]: systemd-tpm2-setup-early.service - Early TPM SRK Setup was skipped because of an unmet condition check (ConditionSecurity=measured-uki).
[    9.052404] systemd[1]: Starting systemd-udev-load-credentials.service - Load udev Rules from Credentials...
[    9.057595] systemd[1]: Starting systemd-udev-trigger.service - Coldplug All udev Devices...
[    9.061846] systemd[1]: Mounted dev-hugepages.mount - Huge Pages File System.
[    9.065326] systemd[1]: Mounted dev-mqueue.mount - POSIX Message Queue File System.
[    9.066424] systemd[1]: Mounted run-lock.mount - Legacy Locks Directory /run/lock.
[    9.067398] systemd[1]: Mounted sys-kernel-debug.mount - Kernel Debug File System.
[    9.069983] systemd[1]: Mounted sys-kernel-tracing.mount - Kernel Trace File System.
[    9.071768] systemd[1]: modprobe@configfs.service: Deactivated successfully.
[    9.072409] systemd[1]: Finished modprobe@configfs.service - Load Kernel Module configfs.
[    9.073649] systemd[1]: modprobe@drm.service: Deactivated successfully.
[    9.074539] systemd[1]: Finished modprobe@drm.service - Load Kernel Module drm.
[    9.078191] systemd[1]: modprobe@fuse.service: Deactivated successfully.
[    9.079068] systemd[1]: Finished modprobe@fuse.service - Load Kernel Module fuse.
[    9.081320] systemd[1]: Mounting sys-fs-fuse-connections.mount - FUSE Control File System...
[    9.081916] pstore: Using crash dump compression: deflate
[    9.084067] systemd[1]: Mounting sys-kernel-config.mount - Kernel Configuration File System...
[    9.094101] pstore: Registered efi_pstore as persistent store backend
[    9.095217] systemd[1]: modprobe@efi_pstore.service: Deactivated successfully.
[    9.098615] systemd[1]: Finished modprobe@efi_pstore.service - Load Kernel Module efi_pstore.
[    9.101151] systemd[1]: Mounted sys-fs-fuse-connections.mount - FUSE Control File System.
[    9.102633] systemd[1]: Mounted sys-kernel-config.mount - Kernel Configuration File System.
[    9.269056] systemd[1]: Finished kmod-static-nodes.service - Create List of Static Device Nodes.
[    9.269201] EXT4-fs (sda2): re-mounted 5c77e7af-1bf7-4ee3-af36-ee3cd2fdeb8a r/w. Quota mode: none.
[    9.274466] systemd[1]: Finished systemd-remount-fs.service - Remount Root and Kernel File Systems.
[    9.281233] systemd[1]: Activating swap swap.img.swap - /swap.img...
[    9.319739] systemd-journald[298]: Collecting audit messages is disabled.
[    9.891039] systemd[1]: systemd-hwdb-update.service - Rebuild Hardware Database was skipped because of an unmet condition check (ConditionNeedsUpdate=/etc).
[    9.893745] systemd[1]: systemd-pstore.service - Platform Persistent Storage Archival was skipped because of an unmet condition check (ConditionDirectoryNotEmpty=/sys/fs/pstore).
[    9.897274] systemd[1]: Starting systemd-random-seed.service - Load/Save OS Random Seed...
[    9.915902] Adding 4194300k swap on /swap.img.  Priority:-2 extents:5 across:4538368k 
[    9.917801] systemd[1]: Starting systemd-tmpfiles-setup-dev-early.service - Create Static Device Nodes in /dev gracefully...
[    9.922558] systemd[1]: systemd-tpm2-setup.service - TPM SRK Setup was skipped because of an unmet condition check (ConditionSecurity=measured-uki).
[    9.924158] systemd[1]: Activated swap swap.img.swap - /swap.img.
[    9.926568] systemd[1]: Started systemd-journald.service - Journal Service.
[   10.075617] lp: driver loaded but no devices found
[   10.107415] ppdev: user-space parallel port driver
[   10.751769] systemd-journald[298]: Received client request to flush runtime journal.
[   11.794980] loop0: detected capacity change from 0 to 23992
[   11.795903] loop1: detected capacity change from 0 to 8
[   11.795970] loop2: detected capacity change from 0 to 28648
[   11.796028] loop3: detected capacity change from 0 to 1128
[   11.796310] loop4: detected capacity change from 0 to 557016
[   11.796382] loop5: detected capacity change from 0 to 21952
[   11.796557] loop6: detected capacity change from 0 to 21848
[   11.796604] loop7: detected capacity change from 0 to 79520
[   11.796959] loop8: detected capacity change from 0 to 183680
[   11.796999] loop9: detected capacity change from 0 to 152056
[   11.797020] loop10: detected capacity change from 0 to 1034424
[   14.931282] i801_smbus 0000:00:1f.4: SPD Write Disable is set
[   14.931433] i801_smbus 0000:00:1f.4: SMBus using PCI interrupt
[   14.938131] i2c i2c-0: Successfully instantiated SPD at 0x50
[   14.942354] intel_pmc_core INT33A1:00:  initialized
[   15.132065] mei_me 0000:00:16.0: enabling device (0000 -> 0002)
[   15.381640] Bluetooth: Core ver 2.22
[   15.381661] NET: Registered PF_BLUETOOTH protocol family
[   15.381663] Bluetooth: HCI device and connection manager initialized
[   15.381666] Bluetooth: HCI socket layer initialized
[   15.381668] Bluetooth: L2CAP socket layer initialized
[   15.381672] Bluetooth: SCO socket layer initialized
[   15.615513] EDAC ie31200: No ECC support
[   15.667346] usbcore: registered new interface driver btusb
[   15.682045] Bluetooth: hci0: Legacy ROM 2.5 revision 1.0 build 3 week 17 2014
[   15.813439] cfg80211: Loading compiled-in X.509 certificates for regulatory database
[   15.813774] Loaded X.509 cert 'sforshee: 00b28ddf47aef9cea7'
[   15.814077] Loaded X.509 cert 'wens: 61c038651aabdcf94bd0ac7ff06c7248db18c600'
[   16.526239] Intel(R) Wireless WiFi driver for Linux
[   16.526287] iwlwifi 0000:02:00.0: enabling device (0000 -> 0002)
[   16.526666] iwlwifi 0000:02:00.0: Detected crf-id 0x0, cnv-id 0x0 wfpm id 0x0
[   16.526674] iwlwifi 0000:02:00.0: PCI dev 3166/4210, rev=0x210, rfid=0xd55555d5
[   16.526677] iwlwifi 0000:02:00.0: Detected Intel(R) Dual Band Wireless AC 3165
[   16.701961] ee1004 0-0050: 512 byte EE1004-compliant SPD EEPROM, read-only
[   16.746811] Bluetooth: hci0: Intel Bluetooth firmware file: intel/ibt-hw-37.8.10-fw-1.10.3.11.e.bseq
[   16.751202] iwlwifi 0000:02:00.0: Found debug destination: EXTERNAL_DRAM
[   16.751209] iwlwifi 0000:02:00.0: Found debug configuration: 0
[   16.751527] iwlwifi 0000:02:00.0: loaded firmware version 29.f2390aa8.0 7265D-29.ucode op_mode iwlmvm
[   16.775124] snd_hda_intel 0000:00:1f.3: enabling device (0000 -> 0002)
[   17.027051] Bluetooth: hci0: Intel BT fw patch 0x32 completed & activated
[   17.537469] i915 0000:00:02.0: [drm] Found SKYLAKE (device ID 1912) display version 9.00 stepping G0
[   17.550497] Console: switching to colour dummy device 80x25
[   17.558049] i915 0000:00:02.0: vgaarb: deactivate vga console
[   17.559396] i915 0000:00:02.0: vgaarb: VGA decodes changed: olddecodes=io+mem,decodes=io+mem:owns=io+mem
[   17.568044] iwlwifi 0000:02:00.0: Applying debug destination EXTERNAL_DRAM
[   17.568795] iwlwifi 0000:02:00.0: Allocated 0x00400000 bytes for firmware monitor.
[   17.573214] iwlwifi 0000:02:00.0: base HW address: 58:fb:84:aa:88:4a, OTP minor version: 0x0
[   17.608520] i915 0000:00:02.0: [drm] Finished loading DMC firmware i915/skl_dmc_ver1_27.bin (v1.27)
[   17.642095] ieee80211 phy0: Selected rate control algorithm 'iwl-mvm-rs'
[   17.700611] RAPL PMU: API unit is 2^-32 Joules, 4 fixed counters, 655360 ms ovfl timer
[   17.700615] RAPL PMU: hw unit of domain pp0-core 2^-14 Joules
[   17.700617] RAPL PMU: hw unit of domain package 2^-14 Joules
[   17.700618] RAPL PMU: hw unit of domain dram 2^-14 Joules
[   17.700619] RAPL PMU: hw unit of domain pp1-gpu 2^-14 Joules
[   17.746500] iwlwifi 0000:02:00.0 wlp2s0: renamed from wlan0
[   17.814931] cryptd: max_cpu_qlen set to 1000
[   17.985079] AES CTR mode by8 optimization enabled
[   18.206006] i915 0000:00:02.0: [drm] [ENCODER:76:DDI A/PHY A] failed to retrieve link info, disabling eDP
[   18.557885] [drm] Initialized i915 1.6.0 for 0000:00:02.0 on minor 1
[   18.562013] ACPI: video: Video Device [GFX0] (multi-head: yes  rom: no  post: no)
[   18.562712] input: Video Bus as /devices/LNXSYSTM:00/LNXSYBUS:00/PNP0A08:00/LNXVIDEO:00/input/input11
[   18.734189] intel_tcc_cooling: Programmable TCC Offset detected
[   18.781129] intel_rapl_common: Found RAPL domain package
[   18.781134] intel_rapl_common: Found RAPL domain core
[   18.781135] intel_rapl_common: Found RAPL domain uncore
[   18.781137] intel_rapl_common: Found RAPL domain dram
[   19.442055] snd_hda_intel 0000:00:1f.3: bound 0000:00:02.0 (ops i915_audio_component_bind_ops [i915])
[   19.453174] fbcon: i915drmfb (fb0) is primary device
[   19.481049] i915 0000:00:02.0: [drm] Reducing the compressed framebuffer size. This may lead to less power savings than a non-reduced-size. Try to increase stolen memory size if available in BIOS.
[   19.546976] Console: switching to colour frame buffer device 240x67
[   19.591088] i915 0000:00:02.0: [drm] fb0: i915drmfb frame buffer device
[   19.708268] snd_hda_codec_realtek hdaudioC0D0: autoconfig for ALC662 rev3: line_outs=1 (0x14/0x0/0x0/0x0/0x0) type:line
[   19.708277] snd_hda_codec_realtek hdaudioC0D0:    speaker_outs=0 (0x0/0x0/0x0/0x0/0x0)
[   19.708281] snd_hda_codec_realtek hdaudioC0D0:    hp_outs=1 (0x1b/0x0/0x0/0x0/0x0)
[   19.708285] snd_hda_codec_realtek hdaudioC0D0:    mono: mono_out=0x0
[   19.708287] snd_hda_codec_realtek hdaudioC0D0:    inputs:
[   19.708289] snd_hda_codec_realtek hdaudioC0D0:      Rear Mic=0x18
[   19.708292] snd_hda_codec_realtek hdaudioC0D0:      Front Mic=0x19
[   19.708295] snd_hda_codec_realtek hdaudioC0D0:      Line=0x1a
[   19.767847] input: HDA Intel PCH Rear Mic as /devices/pci0000:00/0000:00:1f.3/sound/card0/input12
[   19.767929] input: HDA Intel PCH Front Mic as /devices/pci0000:00/0000:00:1f.3/sound/card0/input13
[   19.767980] input: HDA Intel PCH Line as /devices/pci0000:00/0000:00:1f.3/sound/card0/input14
[   19.768026] input: HDA Intel PCH Line Out as /devices/pci0000:00/0000:00:1f.3/sound/card0/input15
[   19.768066] input: HDA Intel PCH Front Headphone as /devices/pci0000:00/0000:00:1f.3/sound/card0/input16
[   19.768105] input: HDA Intel PCH HDMI/DP,pcm=3 as /devices/pci0000:00/0000:00:1f.3/sound/card0/input17
[   19.768143] input: HDA Intel PCH HDMI/DP,pcm=7 as /devices/pci0000:00/0000:00:1f.3/sound/card0/input18
[   19.768180] input: HDA Intel PCH HDMI/DP,pcm=8 as /devices/pci0000:00/0000:00:1f.3/sound/card0/input19
[   21.312193] audit: type=1400 audit(1729966818.417:2): apparmor="STATUS" operation="profile_load" profile="unconfined" name="Discord" pid=972 comm="apparmor_parser"
[   21.312203] audit: type=1400 audit(1729966818.417:3): apparmor="STATUS" operation="profile_load" profile="unconfined" name="1password" pid=971 comm="apparmor_parser"
[   21.312207] audit: type=1400 audit(1729966818.417:4): apparmor="STATUS" operation="profile_load" profile="unconfined" name=4D6F6E676F444220436F6D70617373 pid=973 comm="apparmor_parser"
[   21.312211] audit: type=1400 audit(1729966818.417:5): apparmor="STATUS" operation="profile_load" profile="unconfined" name="QtWebEngineProcess" pid=974 comm="apparmor_parser"
[   21.316029] audit: type=1400 audit(1729966818.422:6): apparmor="STATUS" operation="profile_load" profile="unconfined" name="balena-etcher" pid=976 comm="apparmor_parser"
[   21.316260] audit: type=1400 audit(1729966818.422:7): apparmor="STATUS" operation="profile_load" profile="unconfined" name="brave" pid=977 comm="apparmor_parser"
[   21.316383] audit: type=1400 audit(1729966818.422:8): apparmor="STATUS" operation="profile_load" profile="unconfined" name="buildah" pid=978 comm="apparmor_parser"
[   21.319173] audit: type=1400 audit(1729966818.425:9): apparmor="STATUS" operation="profile_load" profile="unconfined" name="busybox" pid=979 comm="apparmor_parser"
[   21.319519] audit: type=1400 audit(1729966818.425:10): apparmor="STATUS" operation="profile_load" profile="unconfined" name="cam" pid=980 comm="apparmor_parser"
[   21.319772] audit: type=1400 audit(1729966818.425:11): apparmor="STATUS" operation="profile_load" profile="unconfined" name="ch-checkns" pid=981 comm="apparmor_parser"
[   26.955838] kauditd_printk_skb: 152 callbacks suppressed
[   26.955843] audit: type=1400 audit(1729966824.061:164): apparmor="STATUS" operation="profile_replace" info="same as current profile, skipping" profile="unconfined" name="rsyslogd" pid=1184 comm="apparmor_parser"
[   30.722802] Bluetooth: BNEP (Ethernet Emulation) ver 1.3
[   30.722809] Bluetooth: BNEP filters: protocol multicast
[   30.722815] Bluetooth: BNEP socket layer initialized
[   31.069719] Bluetooth: MGMT ver 1.23
[   31.259564] NET: Registered PF_ALG protocol family
[   31.675364] Bluetooth: RFCOMM TTY layer initialized
[   31.675374] Bluetooth: RFCOMM socket layer initialized
[   31.675378] Bluetooth: RFCOMM ver 1.11
[   36.587721] loop11: detected capacity change from 0 to 8
[   39.457816] NET: Registered PF_QIPCRTR protocol family
[   41.175431] audit: type=1400 audit(1729966838.281:165): apparmor="STATUS" operation="profile_replace" profile="unconfined" name="/usr/lib/snapd/snap-confine" pid=1407 comm="apparmor_parser"
[   41.185894] audit: type=1400 audit(1729966838.291:166): apparmor="STATUS" operation="profile_replace" profile="unconfined" name="/usr/lib/snapd/snap-confine//mount-namespace-capture-helper" pid=1407 comm="apparmor_parser"
[   43.872350] Generic FE-GE Realtek PHY r8169-0-100:00: attached PHY driver (mii_bus:phy_addr=r8169-0-100:00, irq=MAC)
[   44.005374] r8169 0000:01:00.0 eno1: Link is Down
[   44.023142] iwlwifi 0000:02:00.0: Applying debug destination EXTERNAL_DRAM
[   44.102923] iwlwifi 0000:02:00.0: Applying debug destination EXTERNAL_DRAM
[   44.105060] iwlwifi 0000:02:00.0: FW already configured (0) - re-configuring
[   44.110866] iwlwifi 0000:02:00.0: Registered PHC clock: iwlwifi-PTP, with index: 0
[   46.112544] audit: type=1400 audit(1729966843.218:167): apparmor="DENIED" operation="capable" class="cap" profile="/usr/sbin/cupsd" pid=1493 comm="cupsd" capability=12  capname="net_admin"
[   47.048672] r8169 0000:01:00.0 eno1: Link is Up - 1Gbps/Full - flow control rx/tx
[   49.072936] audit: type=1400 audit(1729966846.178:168): apparmor="DENIED" operation="capable" class="cap" profile="/usr/lib/snapd/snap-confine" pid=1548 comm="snap-confine" capability=12  capname="net_admin"
[   49.072946] audit: type=1400 audit(1729966846.178:169): apparmor="DENIED" operation="capable" class="cap" profile="/usr/lib/snapd/snap-confine" pid=1547 comm="snap-confine" capability=12  capname="net_admin"
[   49.072950] audit: type=1400 audit(1729966846.178:170): apparmor="DENIED" operation="capable" class="cap" profile="/usr/lib/snapd/snap-confine" pid=1548 comm="snap-confine" capability=38  capname="perfmon"
[   49.072953] audit: type=1400 audit(1729966846.178:171): apparmor="DENIED" operation="capable" class="cap" profile="/usr/lib/snapd/snap-confine" pid=1547 comm="snap-confine" capability=38  capname="perfmon"
[   54.495017] audit: type=1400 audit(1729966851.600:172): apparmor="DENIED" operation="open" class="file" profile="snap-update-ns.snapd-desktop-integration" name="/proc/1661/maps" pid=1661 comm="5" requested_mask="r" denied_mask="r" fsuid=120 ouid=0
[   54.495024] audit: type=1400 audit(1729966851.600:173): apparmor="DENIED" operation="open" class="file" profile="snap-update-ns.prompting-client" name="/proc/1662/maps" pid=1662 comm="5" requested_mask="r" denied_mask="r" fsuid=120 ouid=0
[   67.042588] rfkill: input handler disabled
[   77.061086] audit: type=1400 audit(1729966874.143:174): apparmor="DENIED" operation="open" class="file" profile="snap-update-ns.prompting-client" name="/proc/2191/maps" pid=2191 comm="5" requested_mask="r" denied_mask="r" fsuid=1000 ouid=0
[   77.064098] audit: type=1400 audit(1729966874.146:175): apparmor="DENIED" operation="open" class="file" profile="snap-update-ns.snapd-desktop-integration" name="/proc/2198/maps" pid=2198 comm="5" requested_mask="r" denied_mask="r" fsuid=1000 ouid=0
[   79.278897] rfkill: input handler enabled
[   86.503350] audit: type=1400 audit(1729966883.582:176): apparmor="DENIED" operation="open" class="file" profile="snap.prompting-client.daemon" name="/sys/fs/cgroup/user.slice/user-1000.slice/user@1000.service/app.slice/cpu.max" pid=2119 comm="prompting-clien" requested_mask="r" denied_mask="r" fsuid=1000 ouid=1000
[   86.503366] audit: type=1400 audit(1729966883.582:177): apparmor="DENIED" operation="open" class="file" profile="snap.prompting-client.daemon" name="/sys/fs/cgroup/user.slice/user-1000.slice/user@1000.service/cpu.max" pid=2119 comm="prompting-clien" requested_mask="r" denied_mask="r" fsuid=1000 ouid=0
[   86.503369] audit: type=1400 audit(1729966883.582:178): apparmor="DENIED" operation="open" class="file" profile="snap.prompting-client.daemon" name="/sys/fs/cgroup/user.slice/user-1000.slice/cpu.max" pid=2119 comm="prompting-clien" requested_mask="r" denied_mask="r" fsuid=1000 ouid=0
[   86.503370] audit: type=1400 audit(1729966883.582:179): apparmor="DENIED" operation="open" class="file" profile="snap.prompting-client.daemon" name="/sys/fs/cgroup/user.slice/cpu.max" pid=2119 comm="prompting-clien" requested_mask="r" denied_mask="r" fsuid=1000 ouid=0
[   87.468575] rfkill: input handler disabled
[   89.710557] ISO 9660 Extensions: Microsoft Joliet Level 3
[   89.711281] ISO 9660 Extensions: Microsoft Joliet Level 3
[   89.711747] ISO 9660 Extensions: RRIP_1991A
[  101.894481] audit: type=1400 audit(1729966898.970:180): apparmor="DENIED" operation="capable" class="cap" profile="/usr/lib/snapd/snap-confine" pid=3235 comm="snap-confine" capability=12  capname="net_admin"
[  101.894490] audit: type=1400 audit(1729966898.970:181): apparmor="DENIED" operation="capable" class="cap" profile="/usr/lib/snapd/snap-confine" pid=3235 comm="snap-confine" capability=38  capname="perfmon"
[  101.902131] audit: type=1400 audit(1729966898.978:182): apparmor="DENIED" operation="open" class="file" profile="snap-update-ns.snapd-desktop-integration" name="/proc/3255/maps" pid=3255 comm="5" requested_mask="r" denied_mask="r" fsuid=1000 ouid=0
[  135.687924] audit: type=1400 audit(1729966932.761:183): apparmor="DENIED" operation="open" class="file" profile="snap-update-ns.firmware-updater" name="/proc/3531/maps" pid=3531 comm="5" requested_mask="r" denied_mask="r" fsuid=1000 ouid=0
[  136.102875] audit: type=1400 audit(1729966933.177:184): apparmor="DENIED" operation="open" class="file" profile="snap-update-ns.firmware-updater" name="/proc/3584/maps" pid=3584 comm="5" requested_mask="r" denied_mask="r" fsuid=1000 ouid=0
[  139.224933] audit: type=1326 audit(1729966936.299:185): auid=1000 uid=1000 gid=1000 ses=3 subj=snap.firmware-updater.firmware-updater-app pid=3570 comm="firmware-update" exe="/snap/firmware-updater/127/bin/firmware-updater" sig=0 arch=c000003e syscall=203 compat=0 ip=0x774e12c9b531 code=0x50000
[  139.224943] audit: type=1326 audit(1729966936.299:186): auid=1000 uid=1000 gid=1000 ses=3 subj=snap.firmware-updater.firmware-updater-app pid=3570 comm="firmware-update" exe="/snap/firmware-updater/127/bin/firmware-updater" sig=0 arch=c000003e syscall=141 compat=0 ip=0x774e12d1a78b code=0x50000
[  139.228518] audit: type=1326 audit(1729966936.303:187): auid=1000 uid=1000 gid=1000 ses=3 subj=snap.firmware-updater.firmware-updater-app pid=3570 comm="firmware-update" exe="/snap/firmware-updater/127/bin/firmware-updater" sig=0 arch=c000003e syscall=203 compat=0 ip=0x774e12c9b531 code=0x50000
[  139.228526] audit: type=1326 audit(1729966936.303:188): auid=1000 uid=1000 gid=1000 ses=3 subj=snap.firmware-updater.firmware-updater-app pid=3570 comm="firmware-update" exe="/snap/firmware-updater/127/bin/firmware-updater" sig=0 arch=c000003e syscall=203 compat=0 ip=0x774e12c9b531 code=0x50000
[  139.228632] audit: type=1326 audit(1729966936.303:189): auid=1000 uid=1000 gid=1000 ses=3 subj=snap.firmware-updater.firmware-updater-app pid=3570 comm="firmware-update" exe="/snap/firmware-updater/127/bin/firmware-updater" sig=0 arch=c000003e syscall=203 compat=0 ip=0x774e12c9b531 code=0x50000
[  139.277818] audit: type=1326 audit(1729966936.352:190): auid=1000 uid=1000 gid=1000 ses=3 subj=snap.firmware-updater.firmware-updater-app pid=3570 comm="firmware-update" exe="/snap/firmware-updater/127/bin/firmware-updater" sig=0 arch=c000003e syscall=141 compat=0 ip=0x774e12d1a78b code=0x50000
[  139.299511] audit: type=1326 audit(1729966936.374:191): auid=1000 uid=1000 gid=1000 ses=3 subj=snap.firmware-updater.firmware-updater-app pid=3570 comm="firmware-update" exe="/snap/firmware-updater/127/bin/firmware-updater" sig=0 arch=c000003e syscall=141 compat=0 ip=0x774e12d1a78b code=0x50000
[  139.300348] audit: type=1326 audit(1729966936.375:192): auid=1000 uid=1000 gid=1000 ses=3 subj=snap.firmware-updater.firmware-updater-app pid=3570 comm="firmware-update" exe="/snap/firmware-updater/127/bin/firmware-updater" sig=0 arch=c000003e syscall=141 compat=0 ip=0x774e12d1a78b code=0x50000
[  156.942529] kauditd_printk_skb: 1 callbacks suppressed
[  156.942533] audit: type=1400 audit(1729966954.017:194): apparmor="DENIED" operation="open" class="file" profile="snap-update-ns.firefox" name="/usr/local/share/" pid=3843 comm="5" requested_mask="r" denied_mask="r" fsuid=0 ouid=0
[  157.005309] audit: type=1400 audit(1729966954.078:195): apparmor="DENIED" operation="open" class="file" profile="snap-update-ns.firefox" name="/proc/3851/maps" pid=3851 comm="5" requested_mask="r" denied_mask="r" fsuid=1000 ouid=0
[  164.271497] audit: type=1107 audit(1729966961.345:196): pid=1158 uid=101 auid=4294967295 ses=4294967295 subj=unconfined msg='apparmor="DENIED" operation="dbus_method_call"  bus="system" path="/org/freedesktop/timedate1" interface="org.freedesktop.DBus.Properties" member="GetAll" mask="send" name=":1.118" pid=3827 label="snap.firefox.firefox" peer_pid=3946 peer_label="unconfined"
                exe="/usr/bin/dbus-daemon" sauid=101 hostname=? addr=? terminal=?'
[  164.276728] audit: type=1107 audit(1729966961.351:197): pid=1158 uid=101 auid=4294967295 ses=4294967295 subj=unconfined msg='apparmor="DENIED" operation="dbus_method_call"  bus="system" path="/org/freedesktop/timedate1" interface="org.freedesktop.DBus.Properties" member="GetAll" mask="send" name=":1.118" pid=3827 label="snap.firefox.firefox" peer_pid=3946 peer_label="unconfined"
                exe="/usr/bin/dbus-daemon" sauid=101 hostname=? addr=? terminal=?'
[  194.780520] audit: type=1400 audit(1729966991.854:198): apparmor="DENIED" operation="open" class="file" profile="snap.prompting-client.daemon" name="/sys/fs/cgroup/user.slice/user-0.slice/user@0.service/app.slice/cpu.max" pid=4700 comm="prompting-clien" requested_mask="r" denied_mask="r" fsuid=0 ouid=0
[  194.780526] audit: type=1400 audit(1729966991.854:199): apparmor="DENIED" operation="open" class="file" profile="snap.prompting-client.daemon" name="/sys/fs/cgroup/user.slice/user-0.slice/user@0.service/cpu.max" pid=4700 comm="prompting-clien" requested_mask="r" denied_mask="r" fsuid=0 ouid=0
[  194.780528] audit: type=1400 audit(1729966991.854:200): apparmor="DENIED" operation="open" class="file" profile="snap.prompting-client.daemon" name="/sys/fs/cgroup/user.slice/user-0.slice/cpu.max" pid=4700 comm="prompting-clien" requested_mask="r" denied_mask="r" fsuid=0 ouid=0
[  194.780529] audit: type=1400 audit(1729966991.854:201): apparmor="DENIED" operation="open" class="file" profile="snap.prompting-client.daemon" name="/sys/fs/cgroup/user.slice/cpu.max" pid=4700 comm="prompting-clien" requested_mask="r" denied_mask="r" fsuid=0 ouid=0
